Microchip MPLAB XC8 Compiler V2.32

Linker command line:

-W-3 --edf=C:\Program Files\Microchip\xc8\v2.32\pic\dat\en_msgs.txt -cn \
  -h+dist/default/production\controlador-de-temperatua-heater-cooler.production.sym \
  --cmf=dist/default/production\controlador-de-temperatua-heater-cooler.production.cmf \
  -z -Q18F4550 -oC:\Users\VICTOR~1\AppData\Local\Temp\xcAs5rg.4 \
  --defsym=__MPLAB_BUILD=1 \
  -Mdist/default/production/controlador-de-temperatua-heater-cooler.production.map \
  -E1 -ver=XC8 Compiler --acfsm=1493 -ASTACK=0170h-07FFh -pstack=STACK \
  -ACODE=00h-07FFFh -ACONST=00h-07FFFh -ASMALLCONST=0800h-08FFhx120 \
  -AMEDIUMCONST=0800h-07FFFh -ACOMRAM=01h-05Fh -AABS1=00h-07FFh \
  -ABIGRAM=01h-07FFh -ARAM=060h-0FFh,0100h-01FFhx7 -ABANK0=060h-0FFh \
  -ABANK1=0100h-01FFh -ABANK2=0200h-02FFh -ABANK3=0300h-03FFh \
  -ABANK4=0400h-04FFh -ABANK5=0500h-05FFh -ABANK6=0600h-06FFh \
  -ABANK7=0700h-07FFh -ASFR=0F60h-0FFFh -ACONFIG=0300000h-030000Dh \
  -AIDLOC=0200000h-0200007h -AEEDATA=0F00000h-0F000FFh -peeprom_data=EEDATA \
  -preset_vec=00h,intcode=08h,intcodelo,powerup,init -pramtop=0800h \
  -psmallconst=SMALLCONST -pmediumconst=MEDIUMCONST -pconst=CONST \
  -AFARRAM=00h-00h \
  -prdata=COMRAM,nvrram=COMRAM,nvbit=COMRAM,rbss=COMRAM,rbit=COMRAM \
  -pfarbss=FARRAM,fardata=FARRAM,nvFARRAM=FARRAM \
  -pintsave_regs=BIGRAM,bigbss=BIGRAM,bigdata=BIGRAM -pbss=RAM \
  -pidata=CODE,irdata=CODE,ibigdata=CODE,ifardata=CODE -prparam=COMRAM \
  C:\Users\VICTOR~1\AppData\Local\Temp\xcAs5rg.o \
  dist/default/production\controlador-de-temperatua-heater-cooler.production.o 

Object code version is 3.11

Machine type is 18F4550



                Name                               Link     Load   Length Selector   Space Scale
C:\Users\VICTOR~1\AppData\Local\Temp\xcAs5rg.o
                idloc                            200000   200000        8        0       5
                config                           300000   300000        E        0       4
                init                                  E        E        4        4       0
                reset_vec                             0        0        4        0       0
dist/default/production\controlador-de-temperatua-heater-cooler.production.o
                intcode                               8        8        6        4       0
                idloc                            200000   200000        8        0       5
                config                           300000   300000        E        0       4
                temp                                 41       41        1        1       1
                smallconst                          800      800       5C      400       0
                text46                             37E4     37E4      104      42E       0
                text45                             3130     3130      1B4      42E       0
                text44                             45C4     45C4       1A      42E       0
                text43                             4390     4390       4E      42E       0
                text42                             40A8     40A8       7C      42E       0
                text41                             45AA     45AA       1A      42E       0
                text40                             45EE     45EE        E      42E       0
                text39                             3478     3478      15E      42E       0
                text38                             3ECA     3ECA       AE      42E       0
                text37                             1EF0     1EF0      4C0      42E       0
                intcode_body                       39E8     39E8       FE      42E       0
                text35                             2F78     2F78      1B8      42E       0
                text34                             458C     458C       1E      42E       0
                text33                             433E     433E       52      42E       0
                text32                             4024     4024       84      42E       0
                text31                             456E     456E       1E      42E       0
                text30                             45DE     45DE       10      42E       0
                text29                             451C     451C       2A      42E       0
                text28                             4546     4546       28      42E       0
                text27                             44E2     44E2       3A      42E       0
                text26                             4246     4246       54      42E       0
                text25                             32E4     32E4      194      42E       0
                text24                             3D52     3D52       C6      42E       0
                text23                             3E18     3E18       B2      42E       0
                text22                             27DC     27DC      39C      42E       0
                text21                             3F78     3F78       AC      42E       0
                text20                             36DE     36DE      106      42E       0
                text19                             23B0     23B0      42C      42E       0
                text18                             44A8     44A8       3A      42E       0
                text17                             1A2E     1A2E      4C2      42E       0
                text16                             4426     4426       48      42E       0
                text15                             35D6     35D6      108      42E       0
                text14                             38E8     38E8      100      42E       0
                text13                             2B78     2B78      216      42E       0
                text12                             4600     4600        2      42E       0
                text11                             3BBE     3BBE       CC      42E       0
                text10                             43DE     43DE       48      42E       0
                text9                              3C8A     3C8A       C8      42E       0
                text8                              41E8     41E8       5E      42E       0
                text7                              446E     446E       3A      42E       0
                text6                              4186     4186       62      42E       0
                text5                               85C      85C      C66      42E       0
                text4                              3AE6     3AE6       D8      42E       0
                text3                              14C2     14C2      56C      42E       0
                text2                              4124     4124       62      42E       0
                text1                              42EC     42EC       52      42E       0
                text0                              2D8E     2D8E      1EA      42E       0
                cstackCOMRAM                          1        1       22        1       1
                cstackBANK0                          60       60       97       60       1
                cstackBANK1                         158      158       18      100       1
                bssBANK1                            100      100       58      100       1
                bssBANK0                             F7       F7        8       60       1
                dataCOMRAM                           3D       3D        4        1       1
                bssCOMRAM                            23       23       16        1       1
                cinit                              429A     429A       52      42E       0
                nvCOMRAM                             39       39        4        1       1
                idataCOMRAM                        45FC     45FC        4      42E       0

TOTAL           Name                               Link     Load   Length     Space
        CLASS   STACK          

        CLASS   CODE           
                intcode                               8        8        6         0
                init                                  E        E        4         0
                reset_vec                             0        0        4         0
                text46                             37E4     37E4      104         0
                text45                             3130     3130      1B4         0
                text44                             45C4     45C4       1A         0
                text43                             4390     4390       4E         0
                text42                             40A8     40A8       7C         0
                text41                             45AA     45AA       1A         0
                text40                             45EE     45EE        E         0
                text39                             3478     3478      15E         0
                text38                             3ECA     3ECA       AE         0
                text37                             1EF0     1EF0      4C0         0
                intcode_body                       39E8     39E8       FE         0
                text35                             2F78     2F78      1B8         0
                text34                             458C     458C       1E         0
                text33                             433E     433E       52         0
                text32                             4024     4024       84         0
                text31                             456E     456E       1E         0
                text30                             45DE     45DE       10         0
                text29                             451C     451C       2A         0
                text28                             4546     4546       28         0
                text27                             44E2     44E2       3A         0
                text26                             4246     4246       54         0
                text25                             32E4     32E4      194         0
                text24                             3D52     3D52       C6         0
                text23                             3E18     3E18       B2         0
                text22                             27DC     27DC      39C         0
                text21                             3F78     3F78       AC         0
                text20                             36DE     36DE      106         0
                text19                             23B0     23B0      42C         0
                text18                             44A8     44A8       3A         0
                text17                             1A2E     1A2E      4C2         0
                text16                             4426     4426       48         0
                text15                             35D6     35D6      108         0
                text14                             38E8     38E8      100         0
                text13                             2B78     2B78      216         0
                text12                             4600     4600        2         0
                text11                             3BBE     3BBE       CC         0
                text10                             43DE     43DE       48         0
                text9                              3C8A     3C8A       C8         0
                text8                              41E8     41E8       5E         0
                text7                              446E     446E       3A         0
                text6                              4186     4186       62         0
                text5                               85C      85C      C66         0
                text4                              3AE6     3AE6       D8         0
                text3                              14C2     14C2      56C         0
                text2                              4124     4124       62         0
                text1                              42EC     42EC       52         0
                text0                              2D8E     2D8E      1EA         0
                cinit                              429A     429A       52         0
                idataCOMRAM                        45FC     45FC        4         0

        CLASS   CONST          

        CLASS   SMALLCONST     
                smallconst                          800      800       5C         0

        CLASS   MEDIUMCONST    

        CLASS   COMRAM         
                temp                                 41       41        1         1
                cstackCOMRAM                          1        1       22         1
                dataCOMRAM                           3D       3D        4         1
                bssCOMRAM                            23       23       16         1
                nvCOMRAM                             39       39        4         1

        CLASS   ABS1           

        CLASS   BIGRAM         

        CLASS   RAM            

        CLASS   BANK0          
                cstackBANK0                          60       60       97         1
                bssBANK0                             F7       F7        8         1

        CLASS   BANK1          
                cstackBANK1                         158      158       18         1
                bssBANK1                            100      100       58         1

        CLASS   BANK2          

        CLASS   BANK3          

        CLASS   BANK4          

        CLASS   BANK5          

        CLASS   BANK6          

        CLASS   BANK7          

        CLASS   SFR            

        CLASS   CONFIG         
                config                           300000   300000        E         4

        CLASS   IDLOC          
                idloc                            200000   200000        8         5

        CLASS   EEDATA         

        CLASS   FARRAM         



SEGMENTS        Name                           Load    Length   Top    Selector   Space  Class

                reset_vec                      000000  000004  000004         0       0  CODE    
                cstackCOMRAM                   000001  000041  000042         1       1  COMRAM  
                intcode                        000008  00000A  000012         4       0  CODE    
                cstackBANK0                    000060  00009F  0000FF        60       1  BANK0   
                bssBANK1                       000100  000070  000170       100       1  BANK1   
                smallconst                     000800  00005C  00085C       400       0  SMALLCON
                text5                          00085C  003DA6  004602       42E       0  CODE    


UNUSED ADDRESS RANGES

        Name                Unused          Largest block    Delta
        BANK0            0000FF-0000FF                1
        BANK1            000170-0001FF               90
        BANK2            000200-0002FF              100
        BANK3            000300-0003FF              100
        BANK4            000400-0004FF              100
        BANK5            000500-0005FF              100
        BANK6            000600-0006FF              100
        BANK7            000700-0007FF              100
        BIGRAM           000042-00005F               1E
                         0000FF-0000FF                1
                         000170-0007FF              690
        CODE             000004-000007                4
                         000012-0007FF              7EE
                         004602-007FFF             39FE
        COMRAM           000042-00005F               1E
        CONST            000004-000007                4
                         000012-0007FF              7EE
                         004602-007FFF             39FE
        EEDATA           F00000-F000FF              100
        MEDIUMCONST      004602-007FFF             39FE
        RAM              0000FF-0000FF                1
                         000170-0007FF              100
        SFR              000F60-000FFF               A0
        SMALLCONST       004602-007FFF              100
        STACK            000170-0007FF              690

                                  Symbol Table

?___awdiv                    cstackBANK0  000060
?___awmod                    cstackBANK0  000060
?___fladd                    cstackBANK0  000060
?___fldiv                    cstackBANK0  000060
?___flmul                    cstackBANK0  000074
?___flneg                    cstackBANK0  000060
?___flsub                    cstackBANK0  00008D
?___fltol                    cstackBANK0  000060
?___fpclassifyf              cstackBANK0  000060
?___wmul                     cstackBANK0  000060
?___xxtofl                   cstackBANK0  000066
?_atoi                       cstackBANK0  000067
?_efgtoa                     cstackBANK0  000099
?_floorf                     cstackBANK0  000079
?_isdigit                    cstackBANK0  000060
?_isspace                    cstackBANK0  000060
?_isupper                    cstackBANK0  000060
?_pad                        cstackBANK0  000070
?_sprintf                    cstackBANK1  00015E
?_strlen                     cstackBANK0  000060
?_strncmp                    cstackBANK0  000060
?_tolower                    cstackBANK0  000066
?_vfpfcnvrt                  cstackBANK0  0000DD
?_vfprintf                   cstackBANK1  000158
?i2___fladd                  cstackCOMRAM 000001
?i2___xxtofl                 cstackCOMRAM 000001
?i2_strlen                   cstackCOMRAM 000001
_ADCON0                      (abs)        000FC2
_ADCON0bits                  (abs)        000FC2
_ADCON1                      (abs)        000FC1
_ADCON2bits                  (abs)        000FC0
_ADRESH                      (abs)        000FC4
_ADRESL                      (abs)        000FC3
_CCP1CON                     (abs)        000FBD
_CCPR1L                      (abs)        000FBE
_INTCON2bits                 (abs)        000FF1
_INTCON3bits                 (abs)        000FF0
_INTCONbits                  (abs)        000FF2
_PORTAbits                   (abs)        000F80
_PORTC                       (abs)        000F82
_PORTD                       (abs)        000F83
_PORTEbits                   (abs)        000F84
_PR2                         (abs)        000FCB
_T0CON                       (abs)        000FD5
_T2CON                       (abs)        000FCA
_TMR0L                       (abs)        000FD6
_TMR2                        (abs)        000FCC
_TMR2IF                      (abs)        007CF1
_TRISA                       (abs)        000F92
_TRISC                       (abs)        000F94
_TRISCbits                   (abs)        000F94
_TRISD                       (abs)        000F95
_TRISE                       (abs)        000F96
__HRAM                       (abs)        000000
__Habs1                      abs1         000000
__Hbank0                     bank0        000000
__Hbank1                     bank1        000000
__Hbank2                     bank2        000000
__Hbank3                     bank3        000000
__Hbank4                     bank4        000000
__Hbank5                     bank5        000000
__Hbank6                     bank6        000000
__Hbank7                     bank7        000000
__Hbigbss                    bigbss       000000
__Hbigdata                   bigdata      000000
__Hbigram                    bigram       000000
__Hbss                       bss          000000
__HbssBANK0                  bssBANK0     000000
__HbssBANK1                  bssBANK1     000000
__HbssCOMRAM                 bssCOMRAM    000000
__Hcinit                     cinit        000000
__Hclrtext                   clrtext      000000
__Hcomram                    comram       000000
__Hconfig                    config       30000E
__Hconst                     const        000000
__HcstackBANK0               cstackBANK0  000000
__HcstackBANK1               cstackBANK1  000000
__HcstackCOMRAM              cstackCOMRAM 000000
__Hdata                      data         000000
__HdataCOMRAM                dataCOMRAM   000000
__Heeprom_data               eeprom_data  000000
__Hfarbss                    farbss       000000
__Hfardata                   fardata      000000
__Hibigdata                  ibigdata     000000
__Hidata                     idata        000000
__HidataCOMRAM               idataCOMRAM  000000
__Hidloc                     idloc        200008
__Hifardata                  ifardata     000000
__Hinit                      init         000012
__Hintcode                   intcode      00000E
__Hintcode_body              intcode_body 000000
__Hintcodelo                 intcodelo    00000E
__Hintentry                  intentry     000000
__Hintret                    intret       000000
__Hintsave_regs              intsave_regs 000000
__Hirdata                    irdata       000000
__Hmediumconst               mediumconst  000000
__HnvCOMRAM                  nvCOMRAM     000000
__HnvFARRAM                  nvFARRAM     000000
__Hnvbit                     nvbit        000000
__Hnvrram                    nvrram       000000
__Hparam                     rparam       000000
__Hpowerup                   powerup      00000E
__Hram                       ram          000000
__Hramtop                    ramtop       000800
__Hrbit                      rbit         000000
__Hrbss                      rbss         000000
__Hrdata                     rdata        000000
__Hreset_vec                 reset_vec    000004
__Hrparam                    rparam       000000
__Hsfr                       sfr          000000
__Hsmallconst                smallconst   00085C
__Hspace_0                   (abs)        004602
__Hspace_1                   (abs)        000170
__Hspace_2                   (abs)        000000
__Hspace_4                   (abs)        60000E
__Hstack                     stack        000000
__Hstruct                    struct       000000
__Htemp                      temp         000042
__Htext                      text         000000
__Htext0                     text0        000000
__Htext1                     text1        000000
__Htext10                    text10       000000
__Htext11                    text11       000000
__Htext12                    text12       000000
__Htext13                    text13       000000
__Htext14                    text14       000000
__Htext15                    text15       000000
__Htext16                    text16       000000
__Htext17                    text17       000000
__Htext18                    text18       000000
__Htext19                    text19       000000
__Htext2                     text2        000000
__Htext20                    text20       000000
__Htext21                    text21       000000
__Htext22                    text22       000000
__Htext23                    text23       000000
__Htext24                    text24       000000
__Htext25                    text25       000000
__Htext26                    text26       000000
__Htext27                    text27       000000
__Htext28                    text28       000000
__Htext29                    text29       000000
__Htext3                     text3        000000
__Htext30                    text30       000000
__Htext31                    text31       000000
__Htext32                    text32       000000
__Htext33                    text33       000000
__Htext34                    text34       000000
__Htext35                    text35       000000
__Htext37                    text37       000000
__Htext38                    text38       000000
__Htext39                    text39       000000
__Htext4                     text4        000000
__Htext40                    text40       000000
__Htext41                    text41       000000
__Htext42                    text42       000000
__Htext43                    text43       000000
__Htext44                    text44       000000
__Htext45                    text45       000000
__Htext46                    text46       000000
__Htext5                     text5        000000
__Htext6                     text6        000000
__Htext7                     text7        000000
__Htext8                     text8        000000
__Htext9                     text9        000000
__LRAM                       (abs)        000001
__Labs1                      abs1         000000
__Lbank0                     bank0        000000
__Lbank1                     bank1        000000
__Lbank2                     bank2        000000
__Lbank3                     bank3        000000
__Lbank4                     bank4        000000
__Lbank5                     bank5        000000
__Lbank6                     bank6        000000
__Lbank7                     bank7        000000
__Lbigbss                    bigbss       000000
__Lbigdata                   bigdata      000000
__Lbigram                    bigram       000000
__Lbss                       bss          000000
__LbssBANK0                  bssBANK0     000000
__LbssBANK1                  bssBANK1     000000
__LbssCOMRAM                 bssCOMRAM    000000
__Lcinit                     cinit        000000
__Lclrtext                   clrtext      000000
__Lcomram                    comram       000000
__Lconfig                    config       000000
__Lconst                     const        000000
__LcstackBANK0               cstackBANK0  000000
__LcstackBANK1               cstackBANK1  000000
__LcstackCOMRAM              cstackCOMRAM 000000
__Ldata                      data         000000
__LdataCOMRAM                dataCOMRAM   000000
__Leeprom_data               eeprom_data  000000
__Lfarbss                    farbss       000000
__Lfardata                   fardata      000000
__Libigdata                  ibigdata     000000
__Lidata                     idata        000000
__LidataCOMRAM               idataCOMRAM  000000
__Lidloc                     idloc        000000
__Lifardata                  ifardata     000000
__Linit                      init         00000E
__Lintcode                   intcode      000008
__Lintcode_body              intcode_body 000000
__Lintcodelo                 intcodelo    00000E
__Lintentry                  intentry     000000
__Lintret                    intret       000000
__Lintsave_regs              intsave_regs 000000
__Lirdata                    irdata       000000
__Lmediumconst               mediumconst  000000
__LnvCOMRAM                  nvCOMRAM     000000
__LnvFARRAM                  nvFARRAM     000000
__Lnvbit                     nvbit        000000
__Lnvrram                    nvrram       000000
__Lparam                     rparam       000000
__Lpowerup                   powerup      00000E
__Lram                       ram          000000
__Lramtop                    ramtop       000800
__Lrbit                      rbit         000000
__Lrbss                      rbss         000000
__Lrdata                     rdata        000000
__Lreset_vec                 reset_vec    000000
__Lrparam                    rparam       000000
__Lsfr                       sfr          000000
__Lsmallconst                smallconst   000800
__Lspace_0                   (abs)        000000
__Lspace_1                   (abs)        000000
__Lspace_2                   (abs)        000000
__Lspace_4                   (abs)        000000
__Lstack                     stack        000000
__Lstruct                    struct       000000
__Ltemp                      temp         000041
__Ltext                      text         000000
__Ltext0                     text0        000000
__Ltext1                     text1        000000
__Ltext10                    text10       000000
__Ltext11                    text11       000000
__Ltext12                    text12       000000
__Ltext13                    text13       000000
__Ltext14                    text14       000000
__Ltext15                    text15       000000
__Ltext16                    text16       000000
__Ltext17                    text17       000000
__Ltext18                    text18       000000
__Ltext19                    text19       000000
__Ltext2                     text2        000000
__Ltext20                    text20       000000
__Ltext21                    text21       000000
__Ltext22                    text22       000000
__Ltext23                    text23       000000
__Ltext24                    text24       000000
__Ltext25                    text25       000000
__Ltext26                    text26       000000
__Ltext27                    text27       000000
__Ltext28                    text28       000000
__Ltext29                    text29       000000
__Ltext3                     text3        000000
__Ltext30                    text30       000000
__Ltext31                    text31       000000
__Ltext32                    text32       000000
__Ltext33                    text33       000000
__Ltext34                    text34       000000
__Ltext35                    text35       000000
__Ltext37                    text37       000000
__Ltext38                    text38       000000
__Ltext39                    text39       000000
__Ltext4                     text4        000000
__Ltext40                    text40       000000
__Ltext41                    text41       000000
__Ltext42                    text42       000000
__Ltext43                    text43       000000
__Ltext44                    text44       000000
__Ltext45                    text45       000000
__Ltext46                    text46       000000
__Ltext5                     text5        000000
__Ltext6                     text6        000000
__Ltext7                     text7        000000
__Ltext8                     text8        000000
__Ltext9                     text9        000000
__S0                         (abs)        004602
__S1                         (abs)        000170
__S2                         (abs)        000000
__S4                         (abs)        000000
__S5                         (abs)        000000
___awdiv                     text24       003D52
___awdiv@counter             cstackBANK0  000064
___awdiv@dividend            cstackBANK0  000060
___awdiv@divisor             cstackBANK0  000062
___awdiv@quotient            cstackBANK0  000066
___awdiv@sign                cstackBANK0  000065
___awmod                     text23       003E18
___awmod@counter             cstackBANK0  000064
___awmod@dividend            cstackBANK0  000060
___awmod@divisor             cstackBANK0  000062
___awmod@sign                cstackBANK0  000065
___fladd                     text17       001A2E
___fladd@a                   cstackBANK0  000064
___fladd@aexp                cstackBANK0  00006D
___fladd@b                   cstackBANK0  000060
___fladd@bexp                cstackBANK0  00006E
___fladd@grs                 cstackBANK0  00006F
___fladd@signs               cstackBANK0  00006C
___fldiv                     text22       0027DC
___fldiv@a                   cstackBANK0  000064
___fldiv@aexp                cstackBANK0  000078
___fldiv@b                   cstackBANK0  000060
___fldiv@bexp                cstackBANK0  000077
___fldiv@grs                 cstackBANK0  000073
___fldiv@new_exp             cstackBANK0  000071
___fldiv@rem                 cstackBANK0  00006C
___fldiv@sign                cstackBANK0  000070
___fleq                      text21       003F78
___fleq@ff1                  cstackBANK0  000060
___fleq@ff2                  cstackBANK0  000064
___flge                      text20       0036DE
___flge@ff1                  cstackBANK0  00008D
___flge@ff2                  cstackBANK0  000091
___flmul                     text19       0023B0
___flmul@a                   cstackBANK0  000078
___flmul@aexp                cstackBANK0  000081
___flmul@b                   cstackBANK0  000074
___flmul@bexp                cstackBANK0  000086
___flmul@grs                 cstackBANK0  000082
___flmul@prod                cstackBANK0  000087
___flmul@sign                cstackBANK0  000080
___flmul@temp                cstackBANK0  00008B
___flneg                     text18       0044A8
___flneg@f1                  cstackBANK0  000060
___flsub                     text16       004426
___flsub@a                   cstackBANK0  000091
___flsub@b                   cstackBANK0  00008D
___fltol                     text15       0035D6
___fltol@exp1                cstackBANK0  000069
___fltol@f1                  cstackBANK0  000060
___fltol@sign1               cstackBANK0  000068
___fpclassifyf               text14       0038E8
___fpclassifyf@F465          bssCOMRAM    000027
___fpclassifyf@e             cstackBANK0  000068
___fpclassifyf@u             cstackBANK0  00006A
___fpclassifyf@x             cstackBANK0  000060
___inthi_sp                  stack        000000
___intlo_sp                  stack        000000
___param_bank                (abs)        000000
___rparam_used               (abs)        000001
___sp                        stack        000000
___wmul                      text28       004546
___wmul@multiplicand         cstackBANK0  000062
___wmul@multiplier           cstackBANK0  000060
___wmul@product              cstackBANK0  000064
___xxtofl                    text35       002F78
___xxtofl@arg                cstackBANK0  000070
___xxtofl@exp                cstackBANK0  00006F
___xxtofl@sign               cstackBANK0  00006E
___xxtofl@val                cstackBANK0  000066
__accesstop                  (abs)        000060
__activetblptr               (abs)        000002
__end_of___awdiv             text24       003E18
__end_of___awmod             text23       003ECA
__end_of___fladd             text17       001EF0
__end_of___fldiv             text22       002B78
__end_of___fleq              text21       004024
__end_of___flge              text20       0037E4
__end_of___flmul             text19       0027DC
__end_of___flneg             text18       0044E2
__end_of___flsub             text16       00446E
__end_of___fltol             text15       0036DE
__end_of___fpclassifyf       text14       0039E8
__end_of___wmul              text28       00456E
__end_of___xxtofl            text35       003130
__end_of__initialization     cinit        0042DE
__end_of_alarmeTemperatura   text39       0035D6
__end_of_atoi                text25       003478
__end_of_comando_lcd         text31       00458C
__end_of_controlaVelocidade  text38       003F78
__end_of_dado_lcd            text34       0045AA
__end_of_efgtoa              text5        0014C2
__end_of_floorf              text13       002D8E
__end_of_fputc               text11       003C8A
__end_of_fputs               text10       004426
__end_of_imprime_lcd         text32       0040A8
__end_of_isdigit             text27       00451C
__end_of_isr                 intcode_body 003AE6
__end_of_isspace             text26       00429A
__end_of_isupper             text7        0044A8
__end_of_limpa_lcd           text30       0045EE
__end_of_main                text0        002F78
__end_of_pad                 text9        003D52
__end_of_putch               text12       004602
__end_of_setupADC            text29       004546
__end_of_sprintf             text1        00433E
__end_of_strcpy              text8        004246
__end_of_strlen              text33       004390
__end_of_strncmp             text4        003BBE
__end_of_tolower             text6        0041E8
__end_of_vfpfcnvrt           text3        001A2E
__end_of_vfprintf            text2        004186
__end_ofi2___fladd           text37       0023B0
__end_ofi2___flge            text46       0038E8
__end_ofi2___xxtofl          text45       0032E4
__end_ofi2_comando_lcd       text41       0045C4
__end_ofi2_dado_lcd          text44       0045DE
__end_ofi2_imprime_lcd       text42       004124
__end_ofi2_limpa_lcd         text40       0045FC
__end_ofi2_strlen            text43       0043DE
__initialization             cinit        00429A
__mediumconst                mediumconst  000000
__pbssBANK0                  bssBANK0     0000F7
__pbssBANK1                  bssBANK1     000100
__pbssCOMRAM                 bssCOMRAM    000023
__pcinit                     cinit        00429A
__pcstackBANK0               cstackBANK0  000060
__pcstackBANK1               cstackBANK1  000158
__pcstackCOMRAM              cstackCOMRAM 000001
__pdataCOMRAM                dataCOMRAM   00003D
__pidataCOMRAM               idataCOMRAM  0045FC
__pintcode                   intcode      000008
__pintcode_body              intcode_body 0039E8
__pnvCOMRAM                  nvCOMRAM     000039
__psmallconst                smallconst   000800
__ptext0                     text0        002D8E
__ptext1                     text1        0042EC
__ptext10                    text10       0043DE
__ptext11                    text11       003BBE
__ptext12                    text12       004600
__ptext13                    text13       002B78
__ptext14                    text14       0038E8
__ptext15                    text15       0035D6
__ptext16                    text16       004426
__ptext17                    text17       001A2E
__ptext18                    text18       0044A8
__ptext19                    text19       0023B0
__ptext2                     text2        004124
__ptext20                    text20       0036DE
__ptext21                    text21       003F78
__ptext22                    text22       0027DC
__ptext23                    text23       003E18
__ptext24                    text24       003D52
__ptext25                    text25       0032E4
__ptext26                    text26       004246
__ptext27                    text27       0044E2
__ptext28                    text28       004546
__ptext29                    text29       00451C
__ptext3                     text3        0014C2
__ptext30                    text30       0045DE
__ptext31                    text31       00456E
__ptext32                    text32       004024
__ptext33                    text33       00433E
__ptext34                    text34       00458C
__ptext35                    text35       002F78
__ptext37                    text37       001EF0
__ptext38                    text38       003ECA
__ptext39                    text39       003478
__ptext4                     text4        003AE6
__ptext40                    text40       0045EE
__ptext41                    text41       0045AA
__ptext42                    text42       0040A8
__ptext43                    text43       004390
__ptext44                    text44       0045C4
__ptext45                    text45       003130
__ptext46                    text46       0037E4
__ptext5                     text5        00085C
__ptext6                     text6        004186
__ptext7                     text7        00446E
__ptext8                     text8        0041E8
__ptext9                     text9        003C8A
__ramtop                     ramtop       000800
__size_of___awdiv            (abs)        000000
__size_of___awmod            (abs)        000000
__size_of___fladd            (abs)        000000
__size_of___fldiv            (abs)        000000
__size_of___fleq             (abs)        000000
__size_of___flge             (abs)        000000
__size_of___flmul            (abs)        000000
__size_of___flneg            (abs)        000000
__size_of___flsub            (abs)        000000
__size_of___fltol            (abs)        000000
__size_of___fpclassifyf      (abs)        000000
__size_of___wmul             (abs)        000000
__size_of___xxtofl           (abs)        000000
__size_of_alarmeTemperatura  (abs)        000000
__size_of_atoi               (abs)        000000
__size_of_comando_lcd        (abs)        000000
__size_of_controlaVelocidade (abs)        000000
__size_of_dado_lcd           (abs)        000000
__size_of_efgtoa             (abs)        000000
__size_of_floorf             (abs)        000000
__size_of_fputc              (abs)        000000
__size_of_fputs              (abs)        000000
__size_of_imprime_lcd        (abs)        000000
__size_of_isdigit            (abs)        000000
__size_of_isr                (abs)        000000
__size_of_isspace            (abs)        000000
__size_of_isupper            (abs)        000000
__size_of_limpa_lcd          (abs)        000000
__size_of_main               (abs)        000000
__size_of_pad                (abs)        000000
__size_of_putch              (abs)        000000
__size_of_setupADC           (abs)        000000
__size_of_sprintf            (abs)        000000
__size_of_strcpy             (abs)        000000
__size_of_strlen             (abs)        000000
__size_of_strncmp            (abs)        000000
__size_of_tolower            (abs)        000000
__size_of_vfpfcnvrt          (abs)        000000
__size_of_vfprintf           (abs)        000000
__size_ofi2___fladd          (abs)        000000
__size_ofi2___flge           (abs)        000000
__size_ofi2___xxtofl         (abs)        000000
__size_ofi2_comando_lcd      (abs)        000000
__size_ofi2_dado_lcd         (abs)        000000
__size_ofi2_imprime_lcd      (abs)        000000
__size_ofi2_limpa_lcd        (abs)        000000
__size_ofi2_strlen           (abs)        000000
__smallconst                 smallconst   000800
_alarmeTemperatura           text39       003478
_atoi                        text25       0032E4
_atoi$1171                   cstackBANK0  00006F
_atoi$1172                   cstackBANK0  000073
_atoi$1173                   cstackBANK0  000071
_comando_lcd                 text31       00456E
_contador                    bssBANK0     0000FD
_contadorInt                 bssCOMRAM    000031
_controlaVelocidade          text38       003ECA
_dado_lcd                    text34       00458C
_dbuf                        bssBANK1     000100
_efgtoa                      text5        00085C
_efgtoa$1106                 cstackBANK0  0000A5
_efgtoa$1107                 cstackBANK0  0000A7
_efgtoa$1112                 cstackBANK0  0000A9
_efgtoa$1116                 cstackBANK0  0000AB
_efgtoa$1117                 cstackBANK0  0000AD
_efgtoa$1118                 cstackBANK0  0000AF
_flags                       bssCOMRAM    00002F
_floorf                      text13       002B78
_fputc                       text11       003BBE
_fputs                       text10       0043DE
_imprime_lcd                 text32       004024
_isdigit                     text27       0044E2
_isr                         intcode      000008
_isspace                     text26       004246
_isspace$1202                cstackBANK0  000066
_isupper                     text7        00446E
_limpa_lcd                   text30       0045DE
_main                        text0        002D8E
_nout                        bssBANK0     0000F7
_pad                         text9        003C8A
_prec                        bssBANK0     0000FB
_putch                       text12       004600
_setupADC                    text29       00451C
_sprintf                     text1        0042EC
_strcpy                      text8        0041E8
_strlen                      text33       00433E
_strncmp                     text4        003AE6
_tempdisp                    bssCOMRAM    000033
_temperatura                 nvCOMRAM     000039
_temperaturaMax              dataCOMRAM   00003F
_temperaturaMin              dataCOMRAM   00003D
_temperature                 bssBANK1     000150
_tensao                      bssCOMRAM    000035
_tolower                     text6        004186
_tolower$1266                cstackBANK0  00006C
_velocidadeCooler            bssCOMRAM    00002B
_vfpfcnvrt                   text3        0014C2
_vfpfcnvrt$1132              cstackBANK0  0000E7
_vfpfcnvrt$1133              cstackBANK0  0000E9
_vfpfcnvrt$1137              cstackBANK0  0000EB
_vfprintf                    text2        004124
_width                       bssBANK0     0000F9
atoi@n                       cstackBANK0  000074
atoi@neg                     cstackBANK0  00006D
atoi@s                       cstackBANK0  000067
btemp                        temp         000041
comando_lcd@comando          cstackBANK0  000060
dado_lcd@dado                cstackBANK0  000060
efgtoa@c                     cstackBANK0  00009F
efgtoa@d                     cstackBANK0  0000BD
efgtoa@e                     cstackBANK0  0000D5
efgtoa@f                     cstackBANK0  00009B
efgtoa@fp                    cstackBANK0  000099
efgtoa@g                     cstackBANK0  0000D1
efgtoa@h                     cstackBANK0  0000C7
efgtoa@i                     cstackBANK0  0000CF
efgtoa@l                     cstackBANK0  0000CB
efgtoa@m                     cstackBANK0  0000B7
efgtoa@mode                  cstackBANK0  0000C6
efgtoa@n                     cstackBANK0  0000D7
efgtoa@ne                    cstackBANK0  0000B5
efgtoa@nmode                 cstackBANK0  0000C5
efgtoa@ou                    cstackBANK0  0000B9
efgtoa@p                     cstackBANK0  0000C1
efgtoa@pp                    cstackBANK0  0000B3
efgtoa@sign                  cstackBANK0  0000BF
efgtoa@t                     cstackBANK0  0000B1
efgtoa@u                     cstackBANK0  0000D9
efgtoa@w                     cstackBANK0  0000C3
end_of_initialization        cinit        0042DE
floorf@F527                  bssCOMRAM    000023
floorf@e                     cstackBANK0  000087
floorf@m                     cstackBANK0  000083
floorf@u                     cstackBANK0  000089
floorf@x                     cstackBANK0  000079
fputc@c                      cstackBANK0  000060
fputc@fp                     cstackBANK0  000062
fputs@c                      cstackBANK0  00006D
fputs@fp                     cstackBANK0  00006B
fputs@i                      cstackBANK0  00006E
fputs@s                      cstackBANK0  000069
i2___fladd                   text37       001EF0
i2___fladd@a                 cstackCOMRAM 000005
i2___fladd@aexp              cstackCOMRAM 00000E
i2___fladd@b                 cstackCOMRAM 000001
i2___fladd@bexp              cstackCOMRAM 00000F
i2___fladd@grs               cstackCOMRAM 000010
i2___fladd@signs             cstackCOMRAM 00000D
i2___flge                    text46       0037E4
i2___flge@ff1                cstackCOMRAM 00000F
i2___flge@ff2                cstackCOMRAM 000013
i2___xxtofl                  text45       003130
i2___xxtofl@arg              cstackCOMRAM 00000B
i2___xxtofl@exp              cstackCOMRAM 00000A
i2___xxtofl@sign             cstackCOMRAM 000009
i2___xxtofl@val              cstackCOMRAM 000001
i2_comando_lcd               text41       0045AA
i2_dado_lcd                  text44       0045C4
i2_imprime_lcd               text42       0040A8
i2_limpa_lcd                 text40       0045EE
i2_strlen                    text43       004390
i2comando_lcd@comando        cstackCOMRAM 000001
i2dado_lcd@dado              cstackCOMRAM 000001
i2imprime_lcd@frase          cstackCOMRAM 000005
i2imprime_lcd@indice         cstackCOMRAM 00000C
i2imprime_lcd@tamanho        cstackCOMRAM 00000A
i2strlen@a                   cstackCOMRAM 000003
i2strlen@s                   cstackCOMRAM 000001
imprime_lcd@frase            cstackBANK0  000064
imprime_lcd@indice           cstackBANK0  00006B
imprime_lcd@tamanho          cstackBANK0  000069
int$flags                    temp         000041
int_func                     intcode_body 0039E8
intlevel0                    text         000000
intlevel1                    text         000000
intlevel2                    text         000000
intlevel3                    text         000000
isa$std                      (abs)        000001
isa$xinst                    (abs)        000000
isdigit@c                    cstackBANK0  000060
isspace@c                    cstackBANK0  000060
isupper@c                    cstackBANK0  000060
pad@buf                      cstackBANK0  000072
pad@fp                       cstackBANK0  000070
pad@i                        cstackBANK0  000077
pad@p                        cstackBANK0  000074
pad@w                        cstackBANK0  000079
sprintf@ap                   cstackBANK1  000166
sprintf@f                    cstackBANK1  000168
sprintf@fmt                  cstackBANK1  000160
sprintf@s                    cstackBANK1  00015E
stackhi                      (abs)        0007FF
stacklo                      (abs)        000170
start                        init         00000E
start_initialization         cinit        00429A
strcpy@d                     cstackBANK0  000068
strcpy@dest                  cstackBANK0  000060
strcpy@s                     cstackBANK0  000066
strcpy@src                   cstackBANK0  000062
strlen@a                     cstackBANK0  000062
strlen@s                     cstackBANK0  000060
strncmp@_l                   cstackBANK0  000060
strncmp@_r                   cstackBANK0  000062
strncmp@l                    cstackBANK0  000067
strncmp@n                    cstackBANK0  000064
strncmp@r                    cstackBANK0  000069
tolower@c                    cstackBANK0  000066
ttemp5                       temp         000042
ttemp6                       temp         000045
ttemp7                       temp         000049
vfpfcnvrt@ap                 cstackBANK0  0000E1
vfpfcnvrt@c                  cstackBANK0  0000F4
vfpfcnvrt@ct                 cstackBANK0  0000F1
vfpfcnvrt@f                  cstackBANK0  0000ED
vfpfcnvrt@fmt                cstackBANK0  0000DF
vfpfcnvrt@fp                 cstackBANK0  0000DD
vfprintf@ap                  cstackBANK1  00015C
vfprintf@cfmt                cstackBANK0  0000F5
vfprintf@fmt                 cstackBANK1  00015A
vfprintf@fp                  cstackBANK1  000158
wtemp8                       temp         000042


MODULE INFORMATION

Module		Function		Class		Link	Load	Size
C:\Program Files\Microchip\xc8\v2.32\pic\sources\c99\common\nf_sprintf.c
		_sprintf       		CODE           	42EC	0000	82

C:\Program Files\Microchip\xc8\v2.32\pic\sources\c99\common\nf_sprintf.c estimated size: 82

C:\Program Files\Microchip\xc8\v2.32\pic\sources\c99\common\awdiv.c
		___awdiv       		CODE           	3D52	0000	198

C:\Program Files\Microchip\xc8\v2.32\pic\sources\c99\common\awdiv.c estimated size: 198

C:\Program Files\Microchip\xc8\v2.32\pic\sources\c99\common\isdigit.c
		_isdigit       		CODE           	44E2	0000	58

C:\Program Files\Microchip\xc8\v2.32\pic\sources\c99\common\isdigit.c estimated size: 58

C:\Program Files\Microchip\xc8\v2.32\pic\sources\c99\common\sprcadd.c
		___flsub       		CODE           	4426	0000	72
		___fladd       		CODE           	1A2E	0000	1218

C:\Program Files\Microchip\xc8\v2.32\pic\sources\c99\common\sprcadd.c estimated size: 1290

C:\Program Files\Microchip\xc8\v2.32\pic\sources\c99\common\doprnt.c
		_vfpfcnvrt     		CODE           	14C2	0000	1388
		_efgtoa        		CODE           	085C	0000	3174
		_pad           		CODE           	3C8A	0000	200
		_vfprintf      		CODE           	4124	0000	98

C:\Program Files\Microchip\xc8\v2.32\pic\sources\c99\common\doprnt.c estimated size: 4860

C:\Program Files\Microchip\xc8\v2.32\pic\sources\c99\common\flneg.c
		___flneg       		CODE           	44A8	0000	58

C:\Program Files\Microchip\xc8\v2.32\pic\sources\c99\common\flneg.c estimated size: 58

./lcd.intermed.h
		_imprime_lcd   		CODE           	4024	0000	132
		_comando_lcd   		CODE           	456E	0000	30
		_limpa_lcd     		CODE           	45DE	0000	16
		_dado_lcd      		CODE           	458C	0000	30

./lcd.intermed.h estimated size: 208

C:\Program Files\Microchip\xc8\v2.32\pic\sources\c99\common\atoi.c
		_atoi          		CODE           	32E4	0000	404

C:\Program Files\Microchip\xc8\v2.32\pic\sources\c99\common\atoi.c estimated size: 404

C:\Program Files\Microchip\xc8\v2.32\pic\sources\c99\common\nf_fputs.c
		_fputs         		CODE           	43DE	0000	72

C:\Program Files\Microchip\xc8\v2.32\pic\sources\c99\common\nf_fputs.c estimated size: 72

C:\Program Files\Microchip\xc8\v2.32\pic\sources\c99\common\fleq.c
		___fleq        		CODE           	3F78	0000	172

C:\Program Files\Microchip\xc8\v2.32\pic\sources\c99\common\fleq.c estimated size: 172

C:\Program Files\Microchip\xc8\v2.32\pic\sources\c99\common\putch.c
		_putch         		CODE           	4600	0000	2

C:\Program Files\Microchip\xc8\v2.32\pic\sources\c99\common\putch.c estimated size: 2

C:\Program Files\Microchip\xc8\v2.32\pic\sources\c99\common\__fpclassifyf.c
		___fpclassifyf 		CODE           	38E8	0000	256

C:\Program Files\Microchip\xc8\v2.32\pic\sources\c99\common\__fpclassifyf.c estimated size: 256

C:\Program Files\Microchip\xc8\v2.32\pic\sources\c99\common\isupper.c
		_isupper       		CODE           	446E	0000	58

C:\Program Files\Microchip\xc8\v2.32\pic\sources\c99\common\isupper.c estimated size: 58

C:\Program Files\Microchip\xc8\v2.32\pic\sources\c99\common\Umul16.c
		___wmul        		CODE           	4546	0000	40

C:\Program Files\Microchip\xc8\v2.32\pic\sources\c99\common\Umul16.c estimated size: 40

C:\Program Files\Microchip\xc8\v2.32\pic\sources\c99\common\isspace.c
		_isspace       		CODE           	4246	0000	84

C:\Program Files\Microchip\xc8\v2.32\pic\sources\c99\common\isspace.c estimated size: 84

ADC_LM35_lcd.c
		_main          		CODE           	2D8E	0000	490
		_isr           		CODE           	0008	0000	260
		_controlaVelocidade		CODE           	3ECA	0000	174
		_setupADC      		CODE           	451C	0000	42
		_alarmeTemperatura		CODE           	3478	0000	350

ADC_LM35_lcd.c estimated size: 1316

C:\Program Files\Microchip\xc8\v2.32\pic\sources\c99\common\strncmp.c
		_strncmp       		CODE           	3AE6	0000	216

C:\Program Files\Microchip\xc8\v2.32\pic\sources\c99\common\strncmp.c estimated size: 216

C:\Program Files\Microchip\xc8\v2.32\pic\sources\c99\common\tolower.c
		_tolower       		CODE           	4186	0000	98

C:\Program Files\Microchip\xc8\v2.32\pic\sources\c99\common\tolower.c estimated size: 98

shared
		i2_dado_lcd    		CODE           	45C4	0000	26
		i2___fladd     		CODE           	1EF0	0000	1216
		i2_limpa_lcd   		CODE           	45EE	0000	14
		i2_comando_lcd 		CODE           	45AA	0000	26
		i2_imprime_lcd 		CODE           	40A8	0000	124
		__initialization		CODE           	429A	0000	68
		i2___flge      		CODE           	37E4	0000	260
		i2___xxtofl    		CODE           	3130	0000	436
		i2_strlen      		CODE           	4390	0000	78

shared estimated size: 2248

C:\Program Files\Microchip\xc8\v2.32\pic\sources\c99\common\sprcmul.c
		___flmul       		CODE           	23B0	0000	1068

C:\Program Files\Microchip\xc8\v2.32\pic\sources\c99\common\sprcmul.c estimated size: 1068

C:\Program Files\Microchip\xc8\v2.32\pic\sources\c99\common\awmod.c
		___awmod       		CODE           	3E18	0000	178

C:\Program Files\Microchip\xc8\v2.32\pic\sources\c99\common\awmod.c estimated size: 178

C:\Program Files\Microchip\xc8\v2.32\pic\sources\c99\common\sprcdiv.c
		___fldiv       		CODE           	27DC	0000	924

C:\Program Files\Microchip\xc8\v2.32\pic\sources\c99\common\sprcdiv.c estimated size: 924

C:\Program Files\Microchip\xc8\v2.32\pic\sources\c99\common\fltol.c
		___fltol       		CODE           	35D6	0000	264

C:\Program Files\Microchip\xc8\v2.32\pic\sources\c99\common\fltol.c estimated size: 264

C:\Program Files\Microchip\xc8\v2.32\pic\sources\c99\common\xxtofl.c
		___xxtofl      		CODE           	2F78	0000	440

C:\Program Files\Microchip\xc8\v2.32\pic\sources\c99\common\xxtofl.c estimated size: 440

C:\Program Files\Microchip\xc8\v2.32\pic\sources\c99\common\nf_fputc.c
		_fputc         		CODE           	3BBE	0000	204

C:\Program Files\Microchip\xc8\v2.32\pic\sources\c99\common\nf_fputc.c estimated size: 204

C:\Program Files\Microchip\xc8\v2.32\pic\sources\c99\common\strlen.c
		_strlen        		CODE           	433E	0000	82

C:\Program Files\Microchip\xc8\v2.32\pic\sources\c99\common\strlen.c estimated size: 82

C:\Program Files\Microchip\xc8\v2.32\pic\sources\c99\common\flge.c
		___flge        		CODE           	36DE	0000	262

C:\Program Files\Microchip\xc8\v2.32\pic\sources\c99\common\flge.c estimated size: 262

C:\Program Files\Microchip\xc8\v2.32\pic\sources\c99\common\floorf.c
		_floorf        		CODE           	2B78	0000	534

C:\Program Files\Microchip\xc8\v2.32\pic\sources\c99\common\floorf.c estimated size: 534

C:\Program Files\Microchip\xc8\v2.32\pic\sources\c99\common\strcpy.c
		_strcpy        		CODE           	41E8	0000	94

C:\Program Files\Microchip\xc8\v2.32\pic\sources\c99\common\strcpy.c estimated size: 94

