Microchip MPLAB XC8 Compiler V2.32

Linker command line:

-W-3 --edf=C:\Program Files\Microchip\xc8\v2.32\pic\dat\en_msgs.txt -cn \
  -h+dist/default/production\controlador-de-temperatura-heater-cooler.production.sym \
  --cmf=dist/default/production\controlador-de-temperatura-heater-cooler.production.cmf \
  -z -Q18F4550 -oC:\Users\VICTOR~1\AppData\Local\Temp\xcAs490.4 \
  --defsym=__MPLAB_BUILD=1 \
  -Mdist/default/production/controlador-de-temperatura-heater-cooler.production.map \
  -E1 -ver=XC8 Compiler --acfsm=1493 -ASTACK=0150h-07FFh -pstack=STACK \
  -ACODE=00h-07FFFh -ACONST=00h-07FFFh -ASMALLCONST=0800h-08FFhx120 \
  -AMEDIUMCONST=0800h-07FFFh -ACOMRAM=01h-05Fh -AABS1=00h-07FFh \
  -ABIGRAM=01h-07FFh -ARAM=060h-0FFh,0100h-01FFhx7 -ABANK0=060h-0FFh \
  -ABANK1=0100h-01FFh -ABANK2=0200h-02FFh -ABANK3=0300h-03FFh \
  -ABANK4=0400h-04FFh -ABANK5=0500h-05FFh -ABANK6=0600h-06FFh \
  -ABANK7=0700h-07FFh -ASFR=0F60h-0FFFh -ACONFIG=0300000h-030000Dh \
  -AIDLOC=0200000h-0200007h -AEEDATA=0F00000h-0F000FFh -peeprom_data=EEDATA \
  -preset_vec=00h,intcode=08h,intcodelo,powerup,init -pramtop=0800h \
  -psmallconst=SMALLCONST -pmediumconst=MEDIUMCONST -pconst=CONST \
  -AFARRAM=00h-00h \
  -prdata=COMRAM,nvrram=COMRAM,nvbit=COMRAM,rbss=COMRAM,rbit=COMRAM \
  -pfarbss=FARRAM,fardata=FARRAM,nvFARRAM=FARRAM \
  -pintsave_regs=BIGRAM,bigbss=BIGRAM,bigdata=BIGRAM -pbss=RAM \
  -pidata=CODE,irdata=CODE,ibigdata=CODE,ifardata=CODE -prparam=COMRAM \
  C:\Users\VICTOR~1\AppData\Local\Temp\xcAs490.o \
  dist/default/production\controlador-de-temperatura-heater-cooler.production.o 

Object code version is 3.11

Machine type is 18F4550



                Name                               Link     Load   Length Selector   Space Scale
C:\Users\VICTOR~1\AppData\Local\Temp\xcAs490.o
                idloc                            200000   200000        8        0       5
                config                           300000   300000        E        0       4
                init                                  E        E        4        4       0
                reset_vec                             0        0        4        0       0
dist/default/production\controlador-de-temperatura-heater-cooler.production.o
                intcode                               8        8        6        4       0
                idloc                            200000   200000        8        0       5
                config                           300000   300000        E        0       4
                temp                                 4E       4E        1        1       1
                smallconst                          800      800       5C      400       0
                text40                             35FE     35FE      104      42E       0
                text39                             3CA0     3CA0       AE      42E       0
                text38                             1EE4     1EE4      4C0      42E       0
                intcode_body                       39A0     39A0       CA      42E       0
                text36                             2F68     2F68      1B4      42E       0
                text35                             34F8     34F8      106      42E       0
                text34                             4274     4274       1A      42E       0
                text33                             4088     4088       4E      42E       0
                text32                             3DF8     3DF8       7C      42E       0
                text31                             425A     425A       1A      42E       0
                text30                             428E     428E        E      42E       0
                text29                             32AC     32AC      146      42E       0
                text28                             420A     420A       2A      42E       0
                text27                             4234     4234       26      42E       0
                text26                             41D2     41D2       38      42E       0
                text25                             4036     4036       52      42E       0
                text24                             311C     311C      190      42E       0
                text23                             3A6A     3A6A       C4      42E       0
                text22                             3BF0     3BF0       B0      42E       0
                text21                             27CE     27CE      39A      42E       0
                text20                             3D4E     3D4E       AA      42E       0
                text19                             23A4     23A4      42A      42E       0
                text18                             419A     419A       38      42E       0
                text17                             1A24     1A24      4C0      42E       0
                text16                             40D6     40D6       48      42E       0
                text15                             33F2     33F2      106      42E       0
                text14                             3702     3702       FE      42E       0
                text13                             2B68     2B68      212      42E       0
                text12                             42A0     42A0        2      42E       0
                text11                             38D6     38D6       CA      42E       0
                text10                             411E     411E       44      42E       0
                text9                              3B2E     3B2E       C2      42E       0
                text8                              3F36     3F36       5C      42E       0
                text7                              4162     4162       38      42E       0
                text6                              3ED6     3ED6       60      42E       0
                text5                               85C      85C      C5C      42E       0
                text4                              3800     3800       D6      42E       0
                text3                              14B8     14B8      56C      42E       0
                text2                              3E74     3E74       62      42E       0
                text1                              3FE4     3FE4       52      42E       0
                text0                              2D7A     2D7A      1EE      42E       0
                cstackCOMRAM                          1        1       3D        1       1
                cstackBANK0                          60       60       82       60       1
                bssBANK1                            100      100       50      100       1
                bssBANK0                             E2       E2       1E       60       1
                dataCOMRAM                           4A       4A        4        1       1
                bssCOMRAM                            3E       3E        8        1       1
                cinit                              3F92     3F92       52      42E       0
                nvCOMRAM                             46       46        4        1       1
                idataCOMRAM                        429C     429C        4      42E       0

TOTAL           Name                               Link     Load   Length     Space
        CLASS   STACK          

        CLASS   CODE           
                intcode                               8        8        6         0
                init                                  E        E        4         0
                reset_vec                             0        0        4         0
                text40                             35FE     35FE      104         0
                text39                             3CA0     3CA0       AE         0
                text38                             1EE4     1EE4      4C0         0
                intcode_body                       39A0     39A0       CA         0
                text36                             2F68     2F68      1B4         0
                text35                             34F8     34F8      106         0
                text34                             4274     4274       1A         0
                text33                             4088     4088       4E         0
                text32                             3DF8     3DF8       7C         0
                text31                             425A     425A       1A         0
                text30                             428E     428E        E         0
                text29                             32AC     32AC      146         0
                text28                             420A     420A       2A         0
                text27                             4234     4234       26         0
                text26                             41D2     41D2       38         0
                text25                             4036     4036       52         0
                text24                             311C     311C      190         0
                text23                             3A6A     3A6A       C4         0
                text22                             3BF0     3BF0       B0         0
                text21                             27CE     27CE      39A         0
                text20                             3D4E     3D4E       AA         0
                text19                             23A4     23A4      42A         0
                text18                             419A     419A       38         0
                text17                             1A24     1A24      4C0         0
                text16                             40D6     40D6       48         0
                text15                             33F2     33F2      106         0
                text14                             3702     3702       FE         0
                text13                             2B68     2B68      212         0
                text12                             42A0     42A0        2         0
                text11                             38D6     38D6       CA         0
                text10                             411E     411E       44         0
                text9                              3B2E     3B2E       C2         0
                text8                              3F36     3F36       5C         0
                text7                              4162     4162       38         0
                text6                              3ED6     3ED6       60         0
                text5                               85C      85C      C5C         0
                text4                              3800     3800       D6         0
                text3                              14B8     14B8      56C         0
                text2                              3E74     3E74       62         0
                text1                              3FE4     3FE4       52         0
                text0                              2D7A     2D7A      1EE         0
                cinit                              3F92     3F92       52         0
                idataCOMRAM                        429C     429C        4         0

        CLASS   CONST          

        CLASS   SMALLCONST     
                smallconst                          800      800       5C         0

        CLASS   MEDIUMCONST    

        CLASS   COMRAM         
                temp                                 4E       4E        1         1
                cstackCOMRAM                          1        1       3D         1
                dataCOMRAM                           4A       4A        4         1
                bssCOMRAM                            3E       3E        8         1
                nvCOMRAM                             46       46        4         1

        CLASS   ABS1           

        CLASS   BIGRAM         

        CLASS   RAM            

        CLASS   BANK0          
                cstackBANK0                          60       60       82         1
                bssBANK0                             E2       E2       1E         1

        CLASS   BANK1          
                bssBANK1                            100      100       50         1

        CLASS   BANK2          

        CLASS   BANK3          

        CLASS   BANK4          

        CLASS   BANK5          

        CLASS   BANK6          

        CLASS   BANK7          

        CLASS   SFR            

        CLASS   CONFIG         
                config                           300000   300000        E         4

        CLASS   IDLOC          
                idloc                            200000   200000        8         5

        CLASS   EEDATA         

        CLASS   FARRAM         



SEGMENTS        Name                           Load    Length   Top    Selector   Space  Class

                reset_vec                      000000  000004  000004         0       0  CODE    
                cstackCOMRAM                   000001  00004E  00004F         1       1  COMRAM  
                intcode                        000008  00000A  000012         4       0  CODE    
                cstackBANK0                    000060  0000A0  000100        60       1  BANK0   
                bssBANK1                       000100  000050  000150       100       1  BANK1   
                smallconst                     000800  00005C  00085C       400       0  SMALLCON
                text5                          00085C  003A46  0042A2       42E       0  CODE    


UNUSED ADDRESS RANGES

        Name                Unused          Largest block    Delta
        BANK1            000150-0001FF               B0
        BANK2            000200-0002FF              100
        BANK3            000300-0003FF              100
        BANK4            000400-0004FF              100
        BANK5            000500-0005FF              100
        BANK6            000600-0006FF              100
        BANK7            000700-0007FF              100
        BIGRAM           00004F-00005F               11
                         000150-0007FF              6B0
        CODE             000004-000007                4
                         000012-0007FF              7EE
                         0042A2-007FFF             3D5E
        COMRAM           00004F-00005F               11
        CONST            000004-000007                4
                         000012-0007FF              7EE
                         0042A2-007FFF             3D5E
        EEDATA           F00000-F000FF              100
        MEDIUMCONST      0042A2-007FFF             3D5E
        RAM              000150-0007FF              100
        SFR              000F60-000FFF               A0
        SMALLCONST       0042A2-007FFF              100
        STACK            000150-0007FF              6B0

                                  Symbol Table

?___awdiv                    cstackCOMRAM 000011
?___awmod                    cstackCOMRAM 000011
?___fladd                    cstackCOMRAM 000011
?___fldiv                    cstackCOMRAM 000011
?___flmul                    cstackCOMRAM 000025
?___flneg                    cstackCOMRAM 000011
?___flsub                    cstackBANK0  000060
?___fltol                    cstackCOMRAM 000011
?___fpclassifyf              cstackCOMRAM 000011
?___wmul                     cstackCOMRAM 000011
?___xxtofl                   cstackCOMRAM 000017
?_atoi                       cstackCOMRAM 000018
?_efgtoa                     cstackBANK0  00006C
?_floorf                     cstackCOMRAM 00002A
?_isdigit                    cstackCOMRAM 000011
?_isspace                    cstackCOMRAM 000011
?_isupper                    cstackCOMRAM 000011
?_pad                        cstackCOMRAM 000021
?_sprintf                    cstackBANK0  0000D0
?_strlen                     cstackCOMRAM 000011
?_strncmp                    cstackCOMRAM 000011
?_tolower                    cstackCOMRAM 000017
?_vfpfcnvrt                  cstackBANK0  0000B0
?_vfprintf                   cstackBANK0  0000C8
?i2___fladd                  cstackCOMRAM 000001
_ADCON0                      (abs)        000FC2
_ADCON0bits                  (abs)        000FC2
_ADCON1                      (abs)        000FC1
_ADCON2bits                  (abs)        000FC0
_ADRESH                      (abs)        000FC4
_ADRESL                      (abs)        000FC3
_CCP1CON                     (abs)        000FBD
_CCPR1L                      (abs)        000FBE
_INTCON2bits                 (abs)        000FF1
_INTCON3bits                 (abs)        000FF0
_INTCONbits                  (abs)        000FF2
_PORTAbits                   (abs)        000F80
_PORTC                       (abs)        000F82
_PORTD                       (abs)        000F83
_PORTEbits                   (abs)        000F84
_PR2                         (abs)        000FCB
_T0CON                       (abs)        000FD5
_T2CON                       (abs)        000FCA
_TMR0L                       (abs)        000FD6
_TMR2                        (abs)        000FCC
_TMR2IF                      (abs)        007CF1
_TRISA                       (abs)        000F92
_TRISC                       (abs)        000F94
_TRISCbits                   (abs)        000F94
_TRISD                       (abs)        000F95
_TRISE                       (abs)        000F96
__HRAM                       (abs)        000000
__Habs1                      abs1         000000
__Hbank0                     bank0        000000
__Hbank1                     bank1        000000
__Hbank2                     bank2        000000
__Hbank3                     bank3        000000
__Hbank4                     bank4        000000
__Hbank5                     bank5        000000
__Hbank6                     bank6        000000
__Hbank7                     bank7        000000
__Hbigbss                    bigbss       000000
__Hbigdata                   bigdata      000000
__Hbigram                    bigram       000000
__Hbss                       bss          000000
__HbssBANK0                  bssBANK0     000000
__HbssBANK1                  bssBANK1     000000
__HbssCOMRAM                 bssCOMRAM    000000
__Hcinit                     cinit        000000
__Hclrtext                   clrtext      000000
__Hcomram                    comram       000000
__Hconfig                    config       30000E
__Hconst                     const        000000
__HcstackBANK0               cstackBANK0  000000
__HcstackCOMRAM              cstackCOMRAM 000000
__Hdata                      data         000000
__HdataCOMRAM                dataCOMRAM   000000
__Heeprom_data               eeprom_data  000000
__Hfarbss                    farbss       000000
__Hfardata                   fardata      000000
__Hibigdata                  ibigdata     000000
__Hidata                     idata        000000
__HidataCOMRAM               idataCOMRAM  000000
__Hidloc                     idloc        200008
__Hifardata                  ifardata     000000
__Hinit                      init         000012
__Hintcode                   intcode      00000E
__Hintcode_body              intcode_body 000000
__Hintcodelo                 intcodelo    00000E
__Hintentry                  intentry     000000
__Hintret                    intret       000000
__Hintsave_regs              intsave_regs 000000
__Hirdata                    irdata       000000
__Hmediumconst               mediumconst  000000
__HnvCOMRAM                  nvCOMRAM     000000
__HnvFARRAM                  nvFARRAM     000000
__Hnvbit                     nvbit        000000
__Hnvrram                    nvrram       000000
__Hparam                     rparam       000000
__Hpowerup                   powerup      00000E
__Hram                       ram          000000
__Hramtop                    ramtop       000800
__Hrbit                      rbit         000000
__Hrbss                      rbss         000000
__Hrdata                     rdata        000000
__Hreset_vec                 reset_vec    000004
__Hrparam                    rparam       000000
__Hsfr                       sfr          000000
__Hsmallconst                smallconst   00085C
__Hspace_0                   (abs)        0042A2
__Hspace_1                   (abs)        000150
__Hspace_2                   (abs)        000000
__Hspace_4                   (abs)        60000E
__Hstack                     stack        000000
__Hstruct                    struct       000000
__Htemp                      temp         00004F
__Htext                      text         000000
__Htext0                     text0        000000
__Htext1                     text1        000000
__Htext10                    text10       000000
__Htext11                    text11       000000
__Htext12                    text12       000000
__Htext13                    text13       000000
__Htext14                    text14       000000
__Htext15                    text15       000000
__Htext16                    text16       000000
__Htext17                    text17       000000
__Htext18                    text18       000000
__Htext19                    text19       000000
__Htext2                     text2        000000
__Htext20                    text20       000000
__Htext21                    text21       000000
__Htext22                    text22       000000
__Htext23                    text23       000000
__Htext24                    text24       000000
__Htext25                    text25       000000
__Htext26                    text26       000000
__Htext27                    text27       000000
__Htext28                    text28       000000
__Htext29                    text29       000000
__Htext3                     text3        000000
__Htext30                    text30       000000
__Htext31                    text31       000000
__Htext32                    text32       000000
__Htext33                    text33       000000
__Htext34                    text34       000000
__Htext35                    text35       000000
__Htext36                    text36       000000
__Htext38                    text38       000000
__Htext39                    text39       000000
__Htext4                     text4        000000
__Htext40                    text40       000000
__Htext5                     text5        000000
__Htext6                     text6        000000
__Htext7                     text7        000000
__Htext8                     text8        000000
__Htext9                     text9        000000
__LRAM                       (abs)        000001
__Labs1                      abs1         000000
__Lbank0                     bank0        000000
__Lbank1                     bank1        000000
__Lbank2                     bank2        000000
__Lbank3                     bank3        000000
__Lbank4                     bank4        000000
__Lbank5                     bank5        000000
__Lbank6                     bank6        000000
__Lbank7                     bank7        000000
__Lbigbss                    bigbss       000000
__Lbigdata                   bigdata      000000
__Lbigram                    bigram       000000
__Lbss                       bss          000000
__LbssBANK0                  bssBANK0     000000
__LbssBANK1                  bssBANK1     000000
__LbssCOMRAM                 bssCOMRAM    000000
__Lcinit                     cinit        000000
__Lclrtext                   clrtext      000000
__Lcomram                    comram       000000
__Lconfig                    config       000000
__Lconst                     const        000000
__LcstackBANK0               cstackBANK0  000000
__LcstackCOMRAM              cstackCOMRAM 000000
__Ldata                      data         000000
__LdataCOMRAM                dataCOMRAM   000000
__Leeprom_data               eeprom_data  000000
__Lfarbss                    farbss       000000
__Lfardata                   fardata      000000
__Libigdata                  ibigdata     000000
__Lidata                     idata        000000
__LidataCOMRAM               idataCOMRAM  000000
__Lidloc                     idloc        000000
__Lifardata                  ifardata     000000
__Linit                      init         00000E
__Lintcode                   intcode      000008
__Lintcode_body              intcode_body 000000
__Lintcodelo                 intcodelo    00000E
__Lintentry                  intentry     000000
__Lintret                    intret       000000
__Lintsave_regs              intsave_regs 000000
__Lirdata                    irdata       000000
__Lmediumconst               mediumconst  000000
__LnvCOMRAM                  nvCOMRAM     000000
__LnvFARRAM                  nvFARRAM     000000
__Lnvbit                     nvbit        000000
__Lnvrram                    nvrram       000000
__Lparam                     rparam       000000
__Lpowerup                   powerup      00000E
__Lram                       ram          000000
__Lramtop                    ramtop       000800
__Lrbit                      rbit         000000
__Lrbss                      rbss         000000
__Lrdata                     rdata        000000
__Lreset_vec                 reset_vec    000000
__Lrparam                    rparam       000000
__Lsfr                       sfr          000000
__Lsmallconst                smallconst   000800
__Lspace_0                   (abs)        000000
__Lspace_1                   (abs)        000000
__Lspace_2                   (abs)        000000
__Lspace_4                   (abs)        000000
__Lstack                     stack        000000
__Lstruct                    struct       000000
__Ltemp                      temp         00004E
__Ltext                      text         000000
__Ltext0                     text0        000000
__Ltext1                     text1        000000
__Ltext10                    text10       000000
__Ltext11                    text11       000000
__Ltext12                    text12       000000
__Ltext13                    text13       000000
__Ltext14                    text14       000000
__Ltext15                    text15       000000
__Ltext16                    text16       000000
__Ltext17                    text17       000000
__Ltext18                    text18       000000
__Ltext19                    text19       000000
__Ltext2                     text2        000000
__Ltext20                    text20       000000
__Ltext21                    text21       000000
__Ltext22                    text22       000000
__Ltext23                    text23       000000
__Ltext24                    text24       000000
__Ltext25                    text25       000000
__Ltext26                    text26       000000
__Ltext27                    text27       000000
__Ltext28                    text28       000000
__Ltext29                    text29       000000
__Ltext3                     text3        000000
__Ltext30                    text30       000000
__Ltext31                    text31       000000
__Ltext32                    text32       000000
__Ltext33                    text33       000000
__Ltext34                    text34       000000
__Ltext35                    text35       000000
__Ltext36                    text36       000000
__Ltext38                    text38       000000
__Ltext39                    text39       000000
__Ltext4                     text4        000000
__Ltext40                    text40       000000
__Ltext5                     text5        000000
__Ltext6                     text6        000000
__Ltext7                     text7        000000
__Ltext8                     text8        000000
__Ltext9                     text9        000000
__S0                         (abs)        0042A2
__S1                         (abs)        000150
__S2                         (abs)        000000
__S4                         (abs)        000000
__S5                         (abs)        000000
___awdiv                     text23       003A6A
___awdiv@counter             cstackCOMRAM 000015
___awdiv@dividend            cstackCOMRAM 000011
___awdiv@divisor             cstackCOMRAM 000013
___awdiv@quotient            cstackCOMRAM 000017
___awdiv@sign                cstackCOMRAM 000016
___awmod                     text22       003BF0
___awmod@counter             cstackCOMRAM 000015
___awmod@dividend            cstackCOMRAM 000011
___awmod@divisor             cstackCOMRAM 000013
___awmod@sign                cstackCOMRAM 000016
___fladd                     text17       001A24
___fladd@a                   cstackCOMRAM 000015
___fladd@aexp                cstackCOMRAM 00001E
___fladd@b                   cstackCOMRAM 000011
___fladd@bexp                cstackCOMRAM 00001F
___fladd@grs                 cstackCOMRAM 000020
___fladd@signs               cstackCOMRAM 00001D
___fldiv                     text21       0027CE
___fldiv@a                   cstackCOMRAM 000015
___fldiv@aexp                cstackCOMRAM 000029
___fldiv@b                   cstackCOMRAM 000011
___fldiv@bexp                cstackCOMRAM 000028
___fldiv@grs                 cstackCOMRAM 000024
___fldiv@new_exp             cstackCOMRAM 000022
___fldiv@rem                 cstackCOMRAM 00001D
___fldiv@sign                cstackCOMRAM 000021
___fleq                      text20       003D4E
___fleq@ff1                  cstackCOMRAM 000011
___fleq@ff2                  cstackCOMRAM 000015
___flge                      text35       0034F8
___flge@ff1                  cstackBANK0  000060
___flge@ff2                  cstackBANK0  000064
___flmul                     text19       0023A4
___flmul@a                   cstackCOMRAM 000029
___flmul@aexp                cstackCOMRAM 000036
___flmul@b                   cstackCOMRAM 000025
___flmul@bexp                cstackCOMRAM 000037
___flmul@grs                 cstackCOMRAM 000032
___flmul@prod                cstackCOMRAM 000038
___flmul@sign                cstackCOMRAM 000031
___flmul@temp                cstackCOMRAM 00003C
___flneg                     text18       00419A
___flneg@f1                  cstackCOMRAM 000011
___flsub                     text16       0040D6
___flsub@a                   cstackBANK0  000064
___flsub@b                   cstackBANK0  000060
___fltol                     text15       0033F2
___fltol@exp1                cstackCOMRAM 00001A
___fltol@f1                  cstackCOMRAM 000011
___fltol@sign1               cstackCOMRAM 000019
___fpclassifyf               text14       003702
___fpclassifyf@F465          bssCOMRAM    00003E
___fpclassifyf@e             cstackCOMRAM 000019
___fpclassifyf@u             cstackCOMRAM 00001B
___fpclassifyf@x             cstackCOMRAM 000011
___inthi_sp                  stack        000000
___intlo_sp                  stack        000000
___param_bank                (abs)        000000
___rparam_used               (abs)        000001
___sp                        stack        000000
___wmul                      text27       004234
___wmul@multiplicand         cstackCOMRAM 000013
___wmul@multiplier           cstackCOMRAM 000011
___wmul@product              cstackCOMRAM 000015
___xxtofl                    text36       002F68
___xxtofl@arg                cstackCOMRAM 000021
___xxtofl@exp                cstackCOMRAM 000020
___xxtofl@sign               cstackCOMRAM 00001F
___xxtofl@val                cstackCOMRAM 000017
__accesstop                  (abs)        000060
__activetblptr               (abs)        000002
__end_of___awdiv             text23       003B2E
__end_of___awmod             text22       003CA0
__end_of___fladd             text17       001EE4
__end_of___fldiv             text21       002B68
__end_of___fleq              text20       003DF8
__end_of___flge              text35       0035FE
__end_of___flmul             text19       0027CE
__end_of___flneg             text18       0041D2
__end_of___flsub             text16       00411E
__end_of___fltol             text15       0034F8
__end_of___fpclassifyf       text14       003800
__end_of___wmul              text27       00425A
__end_of___xxtofl            text36       00311C
__end_of__initialization     cinit        003FD6
__end_of_alarmeTemperatura   text29       0033F2
__end_of_atoi                text24       0032AC
__end_of_comando_lcd         text31       004274
__end_of_controlaVelocidade  text39       003D4E
__end_of_dado_lcd            text34       00428E
__end_of_efgtoa              text5        0014B8
__end_of_floorf              text13       002D7A
__end_of_fputc               text11       0039A0
__end_of_fputs               text10       004162
__end_of_imprime_lcd         text32       003E74
__end_of_isdigit             text26       00420A
__end_of_isr                 intcode_body 003A6A
__end_of_isspace             text25       004088
__end_of_isupper             text7        00419A
__end_of_limpa_lcd           text30       00429C
__end_of_main                text0        002F68
__end_of_pad                 text9        003BF0
__end_of_putch               text12       0042A2
__end_of_setupADC            text28       004234
__end_of_sprintf             text1        004036
__end_of_strcpy              text8        003F92
__end_of_strlen              text33       0040D6
__end_of_strncmp             text4        0038D6
__end_of_tolower             text6        003F36
__end_of_vfpfcnvrt           text3        001A24
__end_of_vfprintf            text2        003ED6
__end_ofi2___fladd           text38       0023A4
__end_ofi2___flge            text40       003702
__initialization             cinit        003F92
__mediumconst                mediumconst  000000
__pbssBANK0                  bssBANK0     0000E2
__pbssBANK1                  bssBANK1     000100
__pbssCOMRAM                 bssCOMRAM    00003E
__pcinit                     cinit        003F92
__pcstackBANK0               cstackBANK0  000060
__pcstackCOMRAM              cstackCOMRAM 000001
__pdataCOMRAM                dataCOMRAM   00004A
__pidataCOMRAM               idataCOMRAM  00429C
__pintcode                   intcode      000008
__pintcode_body              intcode_body 0039A0
__pnvCOMRAM                  nvCOMRAM     000046
__psmallconst                smallconst   000800
__ptext0                     text0        002D7A
__ptext1                     text1        003FE4
__ptext10                    text10       00411E
__ptext11                    text11       0038D6
__ptext12                    text12       0042A0
__ptext13                    text13       002B68
__ptext14                    text14       003702
__ptext15                    text15       0033F2
__ptext16                    text16       0040D6
__ptext17                    text17       001A24
__ptext18                    text18       00419A
__ptext19                    text19       0023A4
__ptext2                     text2        003E74
__ptext20                    text20       003D4E
__ptext21                    text21       0027CE
__ptext22                    text22       003BF0
__ptext23                    text23       003A6A
__ptext24                    text24       00311C
__ptext25                    text25       004036
__ptext26                    text26       0041D2
__ptext27                    text27       004234
__ptext28                    text28       00420A
__ptext29                    text29       0032AC
__ptext3                     text3        0014B8
__ptext30                    text30       00428E
__ptext31                    text31       00425A
__ptext32                    text32       003DF8
__ptext33                    text33       004088
__ptext34                    text34       004274
__ptext35                    text35       0034F8
__ptext36                    text36       002F68
__ptext38                    text38       001EE4
__ptext39                    text39       003CA0
__ptext4                     text4        003800
__ptext40                    text40       0035FE
__ptext5                     text5        00085C
__ptext6                     text6        003ED6
__ptext7                     text7        004162
__ptext8                     text8        003F36
__ptext9                     text9        003B2E
__ramtop                     ramtop       000800
__size_of___awdiv            (abs)        000000
__size_of___awmod            (abs)        000000
__size_of___fladd            (abs)        000000
__size_of___fldiv            (abs)        000000
__size_of___fleq             (abs)        000000
__size_of___flge             (abs)        000000
__size_of___flmul            (abs)        000000
__size_of___flneg            (abs)        000000
__size_of___flsub            (abs)        000000
__size_of___fltol            (abs)        000000
__size_of___fpclassifyf      (abs)        000000
__size_of___wmul             (abs)        000000
__size_of___xxtofl           (abs)        000000
__size_of_alarmeTemperatura  (abs)        000000
__size_of_atoi               (abs)        000000
__size_of_comando_lcd        (abs)        000000
__size_of_controlaVelocidade (abs)        000000
__size_of_dado_lcd           (abs)        000000
__size_of_efgtoa             (abs)        000000
__size_of_floorf             (abs)        000000
__size_of_fputc              (abs)        000000
__size_of_fputs              (abs)        000000
__size_of_imprime_lcd        (abs)        000000
__size_of_isdigit            (abs)        000000
__size_of_isr                (abs)        000000
__size_of_isspace            (abs)        000000
__size_of_isupper            (abs)        000000
__size_of_limpa_lcd          (abs)        000000
__size_of_main               (abs)        000000
__size_of_pad                (abs)        000000
__size_of_putch              (abs)        000000
__size_of_setupADC           (abs)        000000
__size_of_sprintf            (abs)        000000
__size_of_strcpy             (abs)        000000
__size_of_strlen             (abs)        000000
__size_of_strncmp            (abs)        000000
__size_of_tolower            (abs)        000000
__size_of_vfpfcnvrt          (abs)        000000
__size_of_vfprintf           (abs)        000000
__size_ofi2___fladd          (abs)        000000
__size_ofi2___flge           (abs)        000000
__smallconst                 smallconst   000800
_alarmeTemperatura           text29       0032AC
_atoi                        text24       00311C
_atoi$1171                   cstackCOMRAM 000020
_atoi$1172                   cstackCOMRAM 000024
_atoi$1173                   cstackCOMRAM 000022
_comando_lcd                 text31       00425A
_contador                    bssBANK0     0000FE
_contadorInt                 bssCOMRAM    000044
_controlaVelocidade          text39       003CA0
_dado_lcd                    text34       004274
_dbuf                        bssBANK1     000100
_efgtoa                      text5        00085C
_efgtoa$1106                 cstackBANK0  000078
_efgtoa$1107                 cstackBANK0  00007A
_efgtoa$1112                 cstackBANK0  00007C
_efgtoa$1116                 cstackBANK0  00007E
_efgtoa$1117                 cstackBANK0  000080
_efgtoa$1118                 cstackBANK0  000082
_flags                       bssCOMRAM    000042
_floorf                      text13       002B68
_fputc                       text11       0038D6
_fputs                       text10       00411E
_imprime_lcd                 text32       003DF8
_isdigit                     text26       0041D2
_isr                         intcode      000008
_isspace                     text25       004036
_isspace$1202                cstackCOMRAM 000017
_isupper                     text7        004162
_limpa_lcd                   text30       00428E
_main                        text0        002D7A
_nout                        bssBANK0     0000EA
_pad                         text9        003B2E
_prec                        bssBANK0     0000EE
_putch                       text12       0042A0
_setupADC                    text28       00420A
_sprintf                     text1        003FE4
_strcpy                      text8        003F36
_strlen                      text33       004088
_strncmp                     text4        003800
_tempdisp                    bssBANK0     0000F0
_temperatura                 nvCOMRAM     000046
_temperaturaMax              dataCOMRAM   00004C
_temperaturaMin              dataCOMRAM   00004A
_temperature                 bssBANK0     0000F2
_tensao                      bssBANK0     0000FA
_tolower                     text6        003ED6
_tolower$1266                cstackCOMRAM 00001D
_velocidadeCooler            bssBANK0     0000E6
_vfpfcnvrt                   text3        0014B8
_vfpfcnvrt$1132              cstackBANK0  0000BA
_vfpfcnvrt$1133              cstackBANK0  0000BC
_vfpfcnvrt$1137              cstackBANK0  0000BE
_vfprintf                    text2        003E74
_width                       bssBANK0     0000EC
atoi@n                       cstackCOMRAM 000025
atoi@neg                     cstackCOMRAM 00001E
atoi@s                       cstackCOMRAM 000018
btemp                        temp         00004E
comando_lcd@comando          cstackCOMRAM 000011
dado_lcd@dado                cstackCOMRAM 000011
efgtoa@c                     cstackBANK0  000072
efgtoa@d                     cstackBANK0  000090
efgtoa@e                     cstackBANK0  0000A8
efgtoa@f                     cstackBANK0  00006E
efgtoa@fp                    cstackBANK0  00006C
efgtoa@g                     cstackBANK0  0000A4
efgtoa@h                     cstackBANK0  00009A
efgtoa@i                     cstackBANK0  0000A2
efgtoa@l                     cstackBANK0  00009E
efgtoa@m                     cstackBANK0  00008A
efgtoa@mode                  cstackBANK0  000099
efgtoa@n                     cstackBANK0  0000AA
efgtoa@ne                    cstackBANK0  000088
efgtoa@nmode                 cstackBANK0  000098
efgtoa@ou                    cstackBANK0  00008C
efgtoa@p                     cstackBANK0  000094
efgtoa@pp                    cstackBANK0  000086
efgtoa@sign                  cstackBANK0  000092
efgtoa@t                     cstackBANK0  000084
efgtoa@u                     cstackBANK0  0000AC
efgtoa@w                     cstackBANK0  000096
end_of_initialization        cinit        003FD6
floorf@F527                  bssBANK0     0000E2
floorf@e                     cstackCOMRAM 000038
floorf@m                     cstackCOMRAM 000034
floorf@u                     cstackCOMRAM 00003A
floorf@x                     cstackCOMRAM 00002A
fputc@c                      cstackCOMRAM 000011
fputc@fp                     cstackCOMRAM 000013
fputs@c                      cstackCOMRAM 00001E
fputs@fp                     cstackCOMRAM 00001C
fputs@i                      cstackCOMRAM 00001F
fputs@s                      cstackCOMRAM 00001A
i2___fladd                   text38       001EE4
i2___fladd@a                 cstackCOMRAM 000005
i2___fladd@aexp              cstackCOMRAM 00000E
i2___fladd@b                 cstackCOMRAM 000001
i2___fladd@bexp              cstackCOMRAM 00000F
i2___fladd@grs               cstackCOMRAM 000010
i2___fladd@signs             cstackCOMRAM 00000D
i2___flge                    text40       0035FE
i2___flge@ff1                cstackCOMRAM 000001
i2___flge@ff2                cstackCOMRAM 000005
imprime_lcd@frase            cstackCOMRAM 000015
imprime_lcd@indice           cstackCOMRAM 00001C
imprime_lcd@tamanho          cstackCOMRAM 00001A
int$flags                    temp         00004E
int_func                     intcode_body 0039A0
intlevel0                    text         000000
intlevel1                    text         000000
intlevel2                    text         000000
intlevel3                    text         000000
isa$std                      (abs)        000001
isa$xinst                    (abs)        000000
isdigit@c                    cstackCOMRAM 000011
isspace@c                    cstackCOMRAM 000011
isupper@c                    cstackCOMRAM 000011
pad@buf                      cstackCOMRAM 000023
pad@fp                       cstackCOMRAM 000021
pad@i                        cstackCOMRAM 000028
pad@p                        cstackCOMRAM 000025
pad@w                        cstackCOMRAM 00002A
sprintf@ap                   cstackBANK0  0000D8
sprintf@f                    cstackBANK0  0000DA
sprintf@fmt                  cstackBANK0  0000D2
sprintf@s                    cstackBANK0  0000D0
stackhi                      (abs)        0007FF
stacklo                      (abs)        000150
start                        init         00000E
start_initialization         cinit        003F92
strcpy@d                     cstackCOMRAM 000019
strcpy@dest                  cstackCOMRAM 000011
strcpy@s                     cstackCOMRAM 000017
strcpy@src                   cstackCOMRAM 000013
strlen@a                     cstackCOMRAM 000013
strlen@s                     cstackCOMRAM 000011
strncmp@_l                   cstackCOMRAM 000011
strncmp@_r                   cstackCOMRAM 000013
strncmp@l                    cstackCOMRAM 000018
strncmp@n                    cstackCOMRAM 000015
strncmp@r                    cstackCOMRAM 00001A
tolower@c                    cstackCOMRAM 000017
ttemp5                       temp         00004F
ttemp6                       temp         000052
ttemp7                       temp         000056
vfpfcnvrt@ap                 cstackBANK0  0000B4
vfpfcnvrt@c                  cstackBANK0  0000C7
vfpfcnvrt@ct                 cstackBANK0  0000C0
vfpfcnvrt@f                  cstackBANK0  0000C3
vfpfcnvrt@fmt                cstackBANK0  0000B2
vfpfcnvrt@fp                 cstackBANK0  0000B0
vfprintf@ap                  cstackBANK0  0000CC
vfprintf@cfmt                cstackBANK0  0000CE
vfprintf@fmt                 cstackBANK0  0000CA
vfprintf@fp                  cstackBANK0  0000C8
wtemp8                       temp         00004F


MODULE INFORMATION

Module		Function		Class		Link	Load	Size
C:\Program Files\Microchip\xc8\v2.32\pic\sources\c99\common\nf_sprintf.c
		_sprintf       		CODE           	3FE4	0000	82

C:\Program Files\Microchip\xc8\v2.32\pic\sources\c99\common\nf_sprintf.c estimated size: 82

C:\Program Files\Microchip\xc8\v2.32\pic\sources\c99\common\awdiv.c
		___awdiv       		CODE           	3A6A	0000	196

C:\Program Files\Microchip\xc8\v2.32\pic\sources\c99\common\awdiv.c estimated size: 196

C:\Program Files\Microchip\xc8\v2.32\pic\sources\c99\common\isdigit.c
		_isdigit       		CODE           	41D2	0000	56

C:\Program Files\Microchip\xc8\v2.32\pic\sources\c99\common\isdigit.c estimated size: 56

C:\Program Files\Microchip\xc8\v2.32\pic\sources\c99\common\sprcadd.c
		___flsub       		CODE           	40D6	0000	72
		___fladd       		CODE           	1A24	0000	1216

C:\Program Files\Microchip\xc8\v2.32\pic\sources\c99\common\sprcadd.c estimated size: 1288

C:\Program Files\Microchip\xc8\v2.32\pic\sources\c99\common\doprnt.c
		_vfpfcnvrt     		CODE           	14B8	0000	1388
		_efgtoa        		CODE           	085C	0000	3164
		_pad           		CODE           	3B2E	0000	194
		_vfprintf      		CODE           	3E74	0000	98

C:\Program Files\Microchip\xc8\v2.32\pic\sources\c99\common\doprnt.c estimated size: 4844

C:\Program Files\Microchip\xc8\v2.32\pic\sources\c99\common\flneg.c
		___flneg       		CODE           	419A	0000	56

C:\Program Files\Microchip\xc8\v2.32\pic\sources\c99\common\flneg.c estimated size: 56

./lcd.intermed.h
		_imprime_lcd   		CODE           	3DF8	0000	124
		_comando_lcd   		CODE           	425A	0000	26
		_limpa_lcd     		CODE           	428E	0000	14
		_dado_lcd      		CODE           	4274	0000	26

./lcd.intermed.h estimated size: 190

C:\Program Files\Microchip\xc8\v2.32\pic\sources\c99\common\atoi.c
		_atoi          		CODE           	311C	0000	400

C:\Program Files\Microchip\xc8\v2.32\pic\sources\c99\common\atoi.c estimated size: 400

C:\Program Files\Microchip\xc8\v2.32\pic\sources\c99\common\nf_fputs.c
		_fputs         		CODE           	411E	0000	68

C:\Program Files\Microchip\xc8\v2.32\pic\sources\c99\common\nf_fputs.c estimated size: 68

C:\Program Files\Microchip\xc8\v2.32\pic\sources\c99\common\fleq.c
		___fleq        		CODE           	3D4E	0000	170

C:\Program Files\Microchip\xc8\v2.32\pic\sources\c99\common\fleq.c estimated size: 170

C:\Program Files\Microchip\xc8\v2.32\pic\sources\c99\common\putch.c
		_putch         		CODE           	42A0	0000	2

C:\Program Files\Microchip\xc8\v2.32\pic\sources\c99\common\putch.c estimated size: 2

C:\Program Files\Microchip\xc8\v2.32\pic\sources\c99\common\__fpclassifyf.c
		___fpclassifyf 		CODE           	3702	0000	254

C:\Program Files\Microchip\xc8\v2.32\pic\sources\c99\common\__fpclassifyf.c estimated size: 254

C:\Program Files\Microchip\xc8\v2.32\pic\sources\c99\common\isupper.c
		_isupper       		CODE           	4162	0000	56

C:\Program Files\Microchip\xc8\v2.32\pic\sources\c99\common\isupper.c estimated size: 56

C:\Program Files\Microchip\xc8\v2.32\pic\sources\c99\common\Umul16.c
		___wmul        		CODE           	4234	0000	38

C:\Program Files\Microchip\xc8\v2.32\pic\sources\c99\common\Umul16.c estimated size: 38

C:\Program Files\Microchip\xc8\v2.32\pic\sources\c99\common\isspace.c
		_isspace       		CODE           	4036	0000	82

C:\Program Files\Microchip\xc8\v2.32\pic\sources\c99\common\isspace.c estimated size: 82

ADC_LM35_lcd.c
		_main          		CODE           	2D7A	0000	494
		_isr           		CODE           	0008	0000	208
		_controlaVelocidade		CODE           	3CA0	0000	174
		_setupADC      		CODE           	420A	0000	42
		_alarmeTemperatura		CODE           	32AC	0000	326

ADC_LM35_lcd.c estimated size: 1244

C:\Program Files\Microchip\xc8\v2.32\pic\sources\c99\common\strncmp.c
		_strncmp       		CODE           	3800	0000	214

C:\Program Files\Microchip\xc8\v2.32\pic\sources\c99\common\strncmp.c estimated size: 214

C:\Program Files\Microchip\xc8\v2.32\pic\sources\c99\common\tolower.c
		_tolower       		CODE           	3ED6	0000	96

C:\Program Files\Microchip\xc8\v2.32\pic\sources\c99\common\tolower.c estimated size: 96

shared
		i2___fladd     		CODE           	1EE4	0000	1216
		__initialization		CODE           	3F92	0000	68
		i2___flge      		CODE           	35FE	0000	260

shared estimated size: 1544

C:\Program Files\Microchip\xc8\v2.32\pic\sources\c99\common\sprcmul.c
		___flmul       		CODE           	23A4	0000	1066

C:\Program Files\Microchip\xc8\v2.32\pic\sources\c99\common\sprcmul.c estimated size: 1066

C:\Program Files\Microchip\xc8\v2.32\pic\sources\c99\common\awmod.c
		___awmod       		CODE           	3BF0	0000	176

C:\Program Files\Microchip\xc8\v2.32\pic\sources\c99\common\awmod.c estimated size: 176

C:\Program Files\Microchip\xc8\v2.32\pic\sources\c99\common\sprcdiv.c
		___fldiv       		CODE           	27CE	0000	922

C:\Program Files\Microchip\xc8\v2.32\pic\sources\c99\common\sprcdiv.c estimated size: 922

C:\Program Files\Microchip\xc8\v2.32\pic\sources\c99\common\fltol.c
		___fltol       		CODE           	33F2	0000	262

C:\Program Files\Microchip\xc8\v2.32\pic\sources\c99\common\fltol.c estimated size: 262

C:\Program Files\Microchip\xc8\v2.32\pic\sources\c99\common\xxtofl.c
		___xxtofl      		CODE           	2F68	0000	436

C:\Program Files\Microchip\xc8\v2.32\pic\sources\c99\common\xxtofl.c estimated size: 436

C:\Program Files\Microchip\xc8\v2.32\pic\sources\c99\common\nf_fputc.c
		_fputc         		CODE           	38D6	0000	202

C:\Program Files\Microchip\xc8\v2.32\pic\sources\c99\common\nf_fputc.c estimated size: 202

C:\Program Files\Microchip\xc8\v2.32\pic\sources\c99\common\strlen.c
		_strlen        		CODE           	4088	0000	78

C:\Program Files\Microchip\xc8\v2.32\pic\sources\c99\common\strlen.c estimated size: 78

C:\Program Files\Microchip\xc8\v2.32\pic\sources\c99\common\flge.c
		___flge        		CODE           	34F8	0000	262

C:\Program Files\Microchip\xc8\v2.32\pic\sources\c99\common\flge.c estimated size: 262

C:\Program Files\Microchip\xc8\v2.32\pic\sources\c99\common\floorf.c
		_floorf        		CODE           	2B68	0000	530

C:\Program Files\Microchip\xc8\v2.32\pic\sources\c99\common\floorf.c estimated size: 530

C:\Program Files\Microchip\xc8\v2.32\pic\sources\c99\common\strcpy.c
		_strcpy        		CODE           	3F36	0000	92

C:\Program Files\Microchip\xc8\v2.32\pic\sources\c99\common\strcpy.c estimated size: 92

