Microchip MPLAB XC8 Compiler V2.32

Linker command line:

-W-3 --edf=C:\Program Files\Microchip\xc8\v2.32\pic\dat\en_msgs.txt -cn \
  -h+dist/default/production\conversorADTemperatura.X.production.sym \
  --cmf=dist/default/production\conversorADTemperatura.X.production.cmf -z \
  -Q18F4550 -oC:\Users\VICTOR~1\AppData\Local\Temp\xcAs21k.4 \
  --defsym=__MPLAB_BUILD=1 \
  -Mdist/default/production/conversorADTemperatura.X.production.map -E1 \
  -ver=XC8 Compiler --acfsm=1493 -ASTACK=0150h-07FFh -pstack=STACK \
  -ACODE=00h-07FFFh -ACONST=00h-07FFFh -ASMALLCONST=0800h-08FFhx120 \
  -AMEDIUMCONST=0800h-07FFFh -ACOMRAM=01h-05Fh -AABS1=00h-07FFh \
  -ABIGRAM=01h-07FFh -ARAM=060h-0FFh,0100h-01FFhx7 -ABANK0=060h-0FFh \
  -ABANK1=0100h-01FFh -ABANK2=0200h-02FFh -ABANK3=0300h-03FFh \
  -ABANK4=0400h-04FFh -ABANK5=0500h-05FFh -ABANK6=0600h-06FFh \
  -ABANK7=0700h-07FFh -ASFR=0F60h-0FFFh -ACONFIG=0300000h-030000Dh \
  -AIDLOC=0200000h-0200007h -AEEDATA=0F00000h-0F000FFh -peeprom_data=EEDATA \
  -preset_vec=00h,intcode=08h,intcodelo,powerup,init -pramtop=0800h \
  -psmallconst=SMALLCONST -pmediumconst=MEDIUMCONST -pconst=CONST \
  -AFARRAM=00h-00h \
  -prdata=COMRAM,nvrram=COMRAM,nvbit=COMRAM,rbss=COMRAM,rbit=COMRAM \
  -pfarbss=FARRAM,fardata=FARRAM,nvFARRAM=FARRAM \
  -pintsave_regs=BIGRAM,bigbss=BIGRAM,bigdata=BIGRAM -pbss=RAM \
  -pidata=CODE,irdata=CODE,ibigdata=CODE,ifardata=CODE -prparam=COMRAM \
  C:\Users\VICTOR~1\AppData\Local\Temp\xcAs21k.o \
  dist/default/production\conversorADTemperatura.X.production.o 

Object code version is 3.11

Machine type is 18F4550



                Name                               Link     Load   Length Selector   Space Scale
C:\Users\VICTOR~1\AppData\Local\Temp\xcAs21k.o
                idloc                            200000   200000        8        0       5
                config                           300000   300000        E        0       4
                init                                  E        E        4        4       0
                reset_vec                             0        0        4        0       0
dist/default/production\conversorADTemperatura.X.production.o
                intcode                               8        8        6        4       0
                idloc                            200000   200000        8        0       5
                config                           300000   300000        E        0       4
                temp                                 52       52        1        1       1
                smallconst                          800      800       36      400       0
                text37                             2F72     2F72      104      41B       0
                intcode_body                       35F4     35F4       A0      41B       0
                text35                             2890     2890      1B4      41B       0
                text34                             3AEE     3AEE       1A      41B       0
                text33                             38D2     38D2       4E      41B       0
                text32                             3694     3694       7C      41B       0
                text31                             3AD4     3AD4       1A      41B       0
                text30                             3B08     3B08        E      41B       0
                text29                             3A84     3A84       2A      41B       0
                text28                             3AAE     3AAE       26      41B       0
                text27                             3A1A     3A1A       38      41B       0
                text26                             3880     3880       52      41B       0
                text25                             2BD8     2BD8      190      41B       0
                text24                             3314     3314       C4      41B       0
                text23                             349A     349A       B0      41B       0
                text22                             22E4     22E4      39A      41B       0
                text21                             354A     354A       AA      41B       0
                text20                             2E6E     2E6E      104      41B       0
                text19                             1EBA     1EBA      42A      41B       0
                text18                             39E2     39E2       38      41B       0
                text17                             19FA     19FA      4C0      41B       0
                text16                             3920     3920       46      41B       0
                text15                             2D68     2D68      106      41B       0
                text14                             3076     3076       FE      41B       0
                text13                             267E     267E      212      41B       0
                text12                             3B16     3B16        2      41B       0
                text11                             324A     324A       CA      41B       0
                text10                             3966     3966       44      41B       0
                text9                              33D8     33D8       C2      41B       0
                text8                              37D2     37D2       5C      41B       0
                text7                              39AA     39AA       38      41B       0
                text6                              3772     3772       60      41B       0
                text5                               836      836      C5A      41B       0
                text4                              3174     3174       D6      41B       0
                text3                              1490     1490      56A      41B       0
                text2                              3710     3710       62      41B       0
                text1                              382E     382E       52      41B       0
                text0                              2A44     2A44      194      41B       0
                cstackCOMRAM                          1        1       47        1       1
                cstackBANK0                          60       60       74       60       1
                bssBANK1                            100      100       50      100       1
                bssBANK0                             D4       D4       1A       60       1
                bssCOMRAM                            48       48        A        1       1
                cinit                              3A52     3A52       32      41B       0

TOTAL           Name                               Link     Load   Length     Space
        CLASS   STACK          

        CLASS   CODE           
                intcode                               8        8        6         0
                init                                  E        E        4         0
                reset_vec                             0        0        4         0
                text37                             2F72     2F72      104         0
                intcode_body                       35F4     35F4       A0         0
                text35                             2890     2890      1B4         0
                text34                             3AEE     3AEE       1A         0
                text33                             38D2     38D2       4E         0
                text32                             3694     3694       7C         0
                text31                             3AD4     3AD4       1A         0
                text30                             3B08     3B08        E         0
                text29                             3A84     3A84       2A         0
                text28                             3AAE     3AAE       26         0
                text27                             3A1A     3A1A       38         0
                text26                             3880     3880       52         0
                text25                             2BD8     2BD8      190         0
                text24                             3314     3314       C4         0
                text23                             349A     349A       B0         0
                text22                             22E4     22E4      39A         0
                text21                             354A     354A       AA         0
                text20                             2E6E     2E6E      104         0
                text19                             1EBA     1EBA      42A         0
                text18                             39E2     39E2       38         0
                text17                             19FA     19FA      4C0         0
                text16                             3920     3920       46         0
                text15                             2D68     2D68      106         0
                text14                             3076     3076       FE         0
                text13                             267E     267E      212         0
                text12                             3B16     3B16        2         0
                text11                             324A     324A       CA         0
                text10                             3966     3966       44         0
                text9                              33D8     33D8       C2         0
                text8                              37D2     37D2       5C         0
                text7                              39AA     39AA       38         0
                text6                              3772     3772       60         0
                text5                               836      836      C5A         0
                text4                              3174     3174       D6         0
                text3                              1490     1490      56A         0
                text2                              3710     3710       62         0
                text1                              382E     382E       52         0
                text0                              2A44     2A44      194         0
                cinit                              3A52     3A52       32         0

        CLASS   CONST          

        CLASS   SMALLCONST     
                smallconst                          800      800       36         0

        CLASS   MEDIUMCONST    

        CLASS   COMRAM         
                temp                                 52       52        1         1
                cstackCOMRAM                          1        1       47         1
                bssCOMRAM                            48       48        A         1

        CLASS   ABS1           

        CLASS   BIGRAM         

        CLASS   RAM            

        CLASS   BANK0          
                cstackBANK0                          60       60       74         1
                bssBANK0                             D4       D4       1A         1

        CLASS   BANK1          
                bssBANK1                            100      100       50         1

        CLASS   BANK2          

        CLASS   BANK3          

        CLASS   BANK4          

        CLASS   BANK5          

        CLASS   BANK6          

        CLASS   BANK7          

        CLASS   SFR            

        CLASS   CONFIG         
                config                           300000   300000        E         4

        CLASS   IDLOC          
                idloc                            200000   200000        8         5

        CLASS   EEDATA         

        CLASS   FARRAM         



SEGMENTS        Name                           Load    Length   Top    Selector   Space  Class

                reset_vec                      000000  000004  000004         0       0  CODE    
                cstackCOMRAM                   000001  000052  000053         1       1  COMRAM  
                intcode                        000008  00000A  000012         4       0  CODE    
                cstackBANK0                    000060  00008E  0000EE        60       1  BANK0   
                bssBANK1                       000100  000050  000150       100       1  BANK1   
                smallconst                     000800  000036  000836       400       0  SMALLCON
                text5                          000836  0032E2  003B18       41B       0  CODE    


UNUSED ADDRESS RANGES

        Name                Unused          Largest block    Delta
        BANK0            0000EE-0000FF               12
        BANK1            000150-0001FF               B0
        BANK2            000200-0002FF              100
        BANK3            000300-0003FF              100
        BANK4            000400-0004FF              100
        BANK5            000500-0005FF              100
        BANK6            000600-0006FF              100
        BANK7            000700-0007FF              100
        BIGRAM           000053-00005F                D
                         0000EE-0000FF               12
                         000150-0007FF              6B0
        CODE             000004-000007                4
                         000012-0007FF              7EE
                         003B18-007FFF             44E8
        COMRAM           000053-00005F                D
        CONST            000004-000007                4
                         000012-0007FF              7EE
                         003B18-007FFF             44E8
        EEDATA           F00000-F000FF              100
        MEDIUMCONST      003B18-007FFF             44E8
        RAM              0000EE-0000FF               12
                         000150-0007FF              100
        SFR              000F60-000FFF               A0
        SMALLCONST       003B18-007FFF              100
        STACK            000150-0007FF              6B0

                                  Symbol Table

?___awdiv                cstackCOMRAM 00000D
?___awmod                cstackCOMRAM 00000D
?___fladd                cstackCOMRAM 00000D
?___fldiv                cstackCOMRAM 00000D
?___flmul                cstackCOMRAM 000021
?___flneg                cstackCOMRAM 00000D
?___flsub                cstackCOMRAM 00003A
?___fltol                cstackCOMRAM 00000D
?___fpclassifyf          cstackCOMRAM 00000D
?___wmul                 cstackCOMRAM 00000D
?___xxtofl               cstackCOMRAM 000013
?_atoi                   cstackCOMRAM 000014
?_efgtoa                 cstackBANK0  000060
?_floorf                 cstackCOMRAM 000026
?_isdigit                cstackCOMRAM 00000D
?_isspace                cstackCOMRAM 00000D
?_isupper                cstackCOMRAM 00000D
?_pad                    cstackCOMRAM 00001D
?_sprintf                cstackBANK0  0000C2
?_strlen                 cstackCOMRAM 00000D
?_strncmp                cstackCOMRAM 00000D
?_tolower                cstackCOMRAM 000013
?_vfpfcnvrt              cstackBANK0  0000A4
?_vfprintf               cstackBANK0  0000BC
_ADCON0                  (abs)        000FC2
_ADCON0bits              (abs)        000FC2
_ADCON1                  (abs)        000FC1
_ADCON2bits              (abs)        000FC0
_ADRESH                  (abs)        000FC4
_ADRESL                  (abs)        000FC3
_INTCON3bits             (abs)        000FF0
_INTCONbits              (abs)        000FF2
_PORTC                   (abs)        000F82
_PORTD                   (abs)        000F83
_PORTEbits               (abs)        000F84
_TMR0L                   (abs)        000FD6
_TRISA                   (abs)        000F92
_TRISC                   (abs)        000F94
_TRISD                   (abs)        000F95
_TRISE                   (abs)        000F96
__HRAM                   (abs)        000000
__Habs1                  abs1         000000
__Hbank0                 bank0        000000
__Hbank1                 bank1        000000
__Hbank2                 bank2        000000
__Hbank3                 bank3        000000
__Hbank4                 bank4        000000
__Hbank5                 bank5        000000
__Hbank6                 bank6        000000
__Hbank7                 bank7        000000
__Hbigbss                bigbss       000000
__Hbigdata               bigdata      000000
__Hbigram                bigram       000000
__Hbss                   bss          000000
__HbssBANK0              bssBANK0     000000
__HbssBANK1              bssBANK1     000000
__HbssCOMRAM             bssCOMRAM    000000
__Hcinit                 cinit        000000
__Hclrtext               clrtext      000000
__Hcomram                comram       000000
__Hconfig                config       30000E
__Hconst                 const        000000
__HcstackBANK0           cstackBANK0  000000
__HcstackCOMRAM          cstackCOMRAM 000000
__Hdata                  data         000000
__Heeprom_data           eeprom_data  000000
__Hfarbss                farbss       000000
__Hfardata               fardata      000000
__Hibigdata              ibigdata     000000
__Hidata                 idata        000000
__Hidloc                 idloc        200008
__Hifardata              ifardata     000000
__Hinit                  init         000012
__Hintcode               intcode      00000E
__Hintcode_body          intcode_body 000000
__Hintcodelo             intcodelo    00000E
__Hintentry              intentry     000000
__Hintret                intret       000000
__Hintsave_regs          intsave_regs 000000
__Hirdata                irdata       000000
__Hmediumconst           mediumconst  000000
__HnvFARRAM              nvFARRAM     000000
__Hnvbit                 nvbit        000000
__Hnvrram                nvrram       000000
__Hparam                 rparam       000000
__Hpowerup               powerup      00000E
__Hram                   ram          000000
__Hramtop                ramtop       000800
__Hrbit                  rbit         000000
__Hrbss                  rbss         000000
__Hrdata                 rdata        000000
__Hreset_vec             reset_vec    000004
__Hrparam                rparam       000000
__Hsfr                   sfr          000000
__Hsmallconst            smallconst   000836
__Hspace_0               (abs)        003B18
__Hspace_1               (abs)        000150
__Hspace_2               (abs)        000000
__Hspace_4               (abs)        60000E
__Hstack                 stack        000000
__Hstruct                struct       000000
__Htemp                  temp         000053
__Htext                  text         000000
__Htext0                 text0        000000
__Htext1                 text1        000000
__Htext10                text10       000000
__Htext11                text11       000000
__Htext12                text12       000000
__Htext13                text13       000000
__Htext14                text14       000000
__Htext15                text15       000000
__Htext16                text16       000000
__Htext17                text17       000000
__Htext18                text18       000000
__Htext19                text19       000000
__Htext2                 text2        000000
__Htext20                text20       000000
__Htext21                text21       000000
__Htext22                text22       000000
__Htext23                text23       000000
__Htext24                text24       000000
__Htext25                text25       000000
__Htext26                text26       000000
__Htext27                text27       000000
__Htext28                text28       000000
__Htext29                text29       000000
__Htext3                 text3        000000
__Htext30                text30       000000
__Htext31                text31       000000
__Htext32                text32       000000
__Htext33                text33       000000
__Htext34                text34       000000
__Htext35                text35       000000
__Htext37                text37       000000
__Htext4                 text4        000000
__Htext5                 text5        000000
__Htext6                 text6        000000
__Htext7                 text7        000000
__Htext8                 text8        000000
__Htext9                 text9        000000
__LRAM                   (abs)        000001
__Labs1                  abs1         000000
__Lbank0                 bank0        000000
__Lbank1                 bank1        000000
__Lbank2                 bank2        000000
__Lbank3                 bank3        000000
__Lbank4                 bank4        000000
__Lbank5                 bank5        000000
__Lbank6                 bank6        000000
__Lbank7                 bank7        000000
__Lbigbss                bigbss       000000
__Lbigdata               bigdata      000000
__Lbigram                bigram       000000
__Lbss                   bss          000000
__LbssBANK0              bssBANK0     000000
__LbssBANK1              bssBANK1     000000
__LbssCOMRAM             bssCOMRAM    000000
__Lcinit                 cinit        000000
__Lclrtext               clrtext      000000
__Lcomram                comram       000000
__Lconfig                config       000000
__Lconst                 const        000000
__LcstackBANK0           cstackBANK0  000000
__LcstackCOMRAM          cstackCOMRAM 000000
__Ldata                  data         000000
__Leeprom_data           eeprom_data  000000
__Lfarbss                farbss       000000
__Lfardata               fardata      000000
__Libigdata              ibigdata     000000
__Lidata                 idata        000000
__Lidloc                 idloc        000000
__Lifardata              ifardata     000000
__Linit                  init         00000E
__Lintcode               intcode      000008
__Lintcode_body          intcode_body 000000
__Lintcodelo             intcodelo    00000E
__Lintentry              intentry     000000
__Lintret                intret       000000
__Lintsave_regs          intsave_regs 000000
__Lirdata                irdata       000000
__Lmediumconst           mediumconst  000000
__LnvFARRAM              nvFARRAM     000000
__Lnvbit                 nvbit        000000
__Lnvrram                nvrram       000000
__Lparam                 rparam       000000
__Lpowerup               powerup      00000E
__Lram                   ram          000000
__Lramtop                ramtop       000800
__Lrbit                  rbit         000000
__Lrbss                  rbss         000000
__Lrdata                 rdata        000000
__Lreset_vec             reset_vec    000000
__Lrparam                rparam       000000
__Lsfr                   sfr          000000
__Lsmallconst            smallconst   000800
__Lspace_0               (abs)        000000
__Lspace_1               (abs)        000000
__Lspace_2               (abs)        000000
__Lspace_4               (abs)        000000
__Lstack                 stack        000000
__Lstruct                struct       000000
__Ltemp                  temp         000052
__Ltext                  text         000000
__Ltext0                 text0        000000
__Ltext1                 text1        000000
__Ltext10                text10       000000
__Ltext11                text11       000000
__Ltext12                text12       000000
__Ltext13                text13       000000
__Ltext14                text14       000000
__Ltext15                text15       000000
__Ltext16                text16       000000
__Ltext17                text17       000000
__Ltext18                text18       000000
__Ltext19                text19       000000
__Ltext2                 text2        000000
__Ltext20                text20       000000
__Ltext21                text21       000000
__Ltext22                text22       000000
__Ltext23                text23       000000
__Ltext24                text24       000000
__Ltext25                text25       000000
__Ltext26                text26       000000
__Ltext27                text27       000000
__Ltext28                text28       000000
__Ltext29                text29       000000
__Ltext3                 text3        000000
__Ltext30                text30       000000
__Ltext31                text31       000000
__Ltext32                text32       000000
__Ltext33                text33       000000
__Ltext34                text34       000000
__Ltext35                text35       000000
__Ltext37                text37       000000
__Ltext4                 text4        000000
__Ltext5                 text5        000000
__Ltext6                 text6        000000
__Ltext7                 text7        000000
__Ltext8                 text8        000000
__Ltext9                 text9        000000
__S0                     (abs)        003B18
__S1                     (abs)        000150
__S2                     (abs)        000000
__S4                     (abs)        000000
__S5                     (abs)        000000
___awdiv                 text24       003314
___awdiv@counter         cstackCOMRAM 000011
___awdiv@dividend        cstackCOMRAM 00000D
___awdiv@divisor         cstackCOMRAM 00000F
___awdiv@quotient        cstackCOMRAM 000013
___awdiv@sign            cstackCOMRAM 000012
___awmod                 text23       00349A
___awmod@counter         cstackCOMRAM 000011
___awmod@dividend        cstackCOMRAM 00000D
___awmod@divisor         cstackCOMRAM 00000F
___awmod@sign            cstackCOMRAM 000012
___fladd                 text17       0019FA
___fladd@a               cstackCOMRAM 000011
___fladd@aexp            cstackCOMRAM 00001A
___fladd@b               cstackCOMRAM 00000D
___fladd@bexp            cstackCOMRAM 00001B
___fladd@grs             cstackCOMRAM 00001C
___fladd@signs           cstackCOMRAM 000019
___fldiv                 text22       0022E4
___fldiv@a               cstackCOMRAM 000011
___fldiv@aexp            cstackCOMRAM 000025
___fldiv@b               cstackCOMRAM 00000D
___fldiv@bexp            cstackCOMRAM 000024
___fldiv@grs             cstackCOMRAM 000020
___fldiv@new_exp         cstackCOMRAM 00001E
___fldiv@rem             cstackCOMRAM 000019
___fldiv@sign            cstackCOMRAM 00001D
___fleq                  text21       00354A
___fleq@ff1              cstackCOMRAM 00000D
___fleq@ff2              cstackCOMRAM 000011
___flge                  text20       002E6E
___flge@ff1              cstackCOMRAM 00003A
___flge@ff2              cstackCOMRAM 00003E
___flmul                 text19       001EBA
___flmul@a               cstackCOMRAM 000025
___flmul@aexp            cstackCOMRAM 00002E
___flmul@b               cstackCOMRAM 000021
___flmul@bexp            cstackCOMRAM 000033
___flmul@grs             cstackCOMRAM 00002F
___flmul@prod            cstackCOMRAM 000034
___flmul@sign            cstackCOMRAM 00002D
___flmul@temp            cstackCOMRAM 000038
___flneg                 text18       0039E2
___flneg@f1              cstackCOMRAM 00000D
___flsub                 text16       003920
___flsub@a               cstackCOMRAM 00003E
___flsub@b               cstackCOMRAM 00003A
___fltol                 text15       002D68
___fltol@exp1            cstackCOMRAM 000016
___fltol@f1              cstackCOMRAM 00000D
___fltol@sign1           cstackCOMRAM 000015
___fpclassifyf           text14       003076
___fpclassifyf@F465      bssBANK0     0000D8
___fpclassifyf@e         cstackCOMRAM 000015
___fpclassifyf@u         cstackCOMRAM 000017
___fpclassifyf@x         cstackCOMRAM 00000D
___inthi_sp              stack        000000
___intlo_sp              stack        000000
___param_bank            (abs)        000000
___rparam_used           (abs)        000001
___sp                    stack        000000
___wmul                  text28       003AAE
___wmul@multiplicand     cstackCOMRAM 00000F
___wmul@multiplier       cstackCOMRAM 00000D
___wmul@product          cstackCOMRAM 000011
___xxtofl                text35       002890
___xxtofl@arg            cstackCOMRAM 00001D
___xxtofl@exp            cstackCOMRAM 00001C
___xxtofl@sign           cstackCOMRAM 00001B
___xxtofl@val            cstackCOMRAM 000013
__accesstop              (abs)        000060
__activetblptr           (abs)        000002
__end_of___awdiv         text24       0033D8
__end_of___awmod         text23       00354A
__end_of___fladd         text17       001EBA
__end_of___fldiv         text22       00267E
__end_of___fleq          text21       0035F4
__end_of___flge          text20       002F72
__end_of___flmul         text19       0022E4
__end_of___flneg         text18       003A1A
__end_of___flsub         text16       003966
__end_of___fltol         text15       002E6E
__end_of___fpclassifyf   text14       003174
__end_of___wmul          text28       003AD4
__end_of___xxtofl        text35       002A44
__end_of__initialization cinit        003A76
__end_of_atoi            text25       002D68
__end_of_comando_lcd     text31       003AEE
__end_of_dado_lcd        text34       003B08
__end_of_efgtoa          text5        001490
__end_of_floorf          text13       002890
__end_of_fputc           text11       003314
__end_of_fputs           text10       0039AA
__end_of_imprime_lcd     text32       003710
__end_of_isdigit         text27       003A52
__end_of_isr             intcode_body 003694
__end_of_isspace         text26       0038D2
__end_of_isupper         text7        0039E2
__end_of_limpa_lcd       text30       003B16
__end_of_main            text0        002BD8
__end_of_pad             text9        00349A
__end_of_putch           text12       003B18
__end_of_setupADC        text29       003AAE
__end_of_sprintf         text1        003880
__end_of_strcpy          text8        00382E
__end_of_strlen          text33       003920
__end_of_strncmp         text4        00324A
__end_of_tolower         text6        0037D2
__end_of_vfpfcnvrt       text3        0019FA
__end_of_vfprintf        text2        003772
__end_ofi2___flge        text37       003076
__initialization         cinit        003A52
__mediumconst            mediumconst  000000
__pbssBANK0              bssBANK0     0000D4
__pbssBANK1              bssBANK1     000100
__pbssCOMRAM             bssCOMRAM    000048
__pcinit                 cinit        003A52
__pcstackBANK0           cstackBANK0  000060
__pcstackCOMRAM          cstackCOMRAM 000001
__pintcode               intcode      000008
__pintcode_body          intcode_body 0035F4
__psmallconst            smallconst   000800
__ptext0                 text0        002A44
__ptext1                 text1        00382E
__ptext10                text10       003966
__ptext11                text11       00324A
__ptext12                text12       003B16
__ptext13                text13       00267E
__ptext14                text14       003076
__ptext15                text15       002D68
__ptext16                text16       003920
__ptext17                text17       0019FA
__ptext18                text18       0039E2
__ptext19                text19       001EBA
__ptext2                 text2        003710
__ptext20                text20       002E6E
__ptext21                text21       00354A
__ptext22                text22       0022E4
__ptext23                text23       00349A
__ptext24                text24       003314
__ptext25                text25       002BD8
__ptext26                text26       003880
__ptext27                text27       003A1A
__ptext28                text28       003AAE
__ptext29                text29       003A84
__ptext3                 text3        001490
__ptext30                text30       003B08
__ptext31                text31       003AD4
__ptext32                text32       003694
__ptext33                text33       0038D2
__ptext34                text34       003AEE
__ptext35                text35       002890
__ptext37                text37       002F72
__ptext4                 text4        003174
__ptext5                 text5        000836
__ptext6                 text6        003772
__ptext7                 text7        0039AA
__ptext8                 text8        0037D2
__ptext9                 text9        0033D8
__ramtop                 ramtop       000800
__size_of___awdiv        (abs)        000000
__size_of___awmod        (abs)        000000
__size_of___fladd        (abs)        000000
__size_of___fldiv        (abs)        000000
__size_of___fleq         (abs)        000000
__size_of___flge         (abs)        000000
__size_of___flmul        (abs)        000000
__size_of___flneg        (abs)        000000
__size_of___flsub        (abs)        000000
__size_of___fltol        (abs)        000000
__size_of___fpclassifyf  (abs)        000000
__size_of___wmul         (abs)        000000
__size_of___xxtofl       (abs)        000000
__size_of_atoi           (abs)        000000
__size_of_comando_lcd    (abs)        000000
__size_of_dado_lcd       (abs)        000000
__size_of_efgtoa         (abs)        000000
__size_of_floorf         (abs)        000000
__size_of_fputc          (abs)        000000
__size_of_fputs          (abs)        000000
__size_of_imprime_lcd    (abs)        000000
__size_of_isdigit        (abs)        000000
__size_of_isr            (abs)        000000
__size_of_isspace        (abs)        000000
__size_of_isupper        (abs)        000000
__size_of_limpa_lcd      (abs)        000000
__size_of_main           (abs)        000000
__size_of_pad            (abs)        000000
__size_of_putch          (abs)        000000
__size_of_setupADC       (abs)        000000
__size_of_sprintf        (abs)        000000
__size_of_strcpy         (abs)        000000
__size_of_strlen         (abs)        000000
__size_of_strncmp        (abs)        000000
__size_of_tolower        (abs)        000000
__size_of_vfpfcnvrt      (abs)        000000
__size_of_vfprintf       (abs)        000000
__size_ofi2___flge       (abs)        000000
__smallconst             smallconst   000800
_atoi                    text25       002BD8
_atoi$991                cstackCOMRAM 00001C
_atoi$992                cstackCOMRAM 000020
_atoi$993                cstackCOMRAM 00001E
_comando_lcd             text31       003AD4
_contador                bssBANK0     0000EC
_dado_lcd                text34       003AEE
_dbuf                    bssBANK1     000100
_efgtoa                  text5        000836
_efgtoa$926              cstackBANK0  00006C
_efgtoa$927              cstackBANK0  00006E
_efgtoa$932              cstackBANK0  000070
_efgtoa$936              cstackBANK0  000072
_efgtoa$937              cstackBANK0  000074
_efgtoa$938              cstackBANK0  000076
_flags                   bssCOMRAM    000050
_floorf                  text13       00267E
_fputc                   text11       00324A
_fputs                   text10       003966
_imprime_lcd             text32       003694
_isdigit                 text27       003A1A
_isr                     intcode      000008
_isspace                 text26       003880
_isspace$1022            cstackCOMRAM 000013
_isupper                 text7        0039AA
_limpa_lcd               text30       003B08
_main                    text0        002A44
_nout                    bssBANK0     0000DC
_pad                     text9        0033D8
_prec                    bssCOMRAM    00004E
_putch                   text12       003B16
_setupADC                text29       003A84
_sprintf                 text1        00382E
_strcpy                  text8        0037D2
_strlen                  text33       0038D2
_strncmp                 text4        003174
_tempdisp                bssBANK0     0000DE
_temperatura             bssCOMRAM    000048
_temperature             bssBANK0     0000E0
_tensao                  bssBANK0     0000E8
_tolower                 text6        003772
_tolower$1086            cstackCOMRAM 000019
_vfpfcnvrt               text3        001490
_vfpfcnvrt$952           cstackBANK0  0000AE
_vfpfcnvrt$953           cstackBANK0  0000B0
_vfpfcnvrt$957           cstackBANK0  0000B2
_vfprintf                text2        003710
_width                   bssCOMRAM    00004C
atoi@n                   cstackCOMRAM 000021
atoi@neg                 cstackCOMRAM 00001A
atoi@s                   cstackCOMRAM 000014
btemp                    temp         000052
comando_lcd@comando      cstackCOMRAM 00000D
dado_lcd@dado            cstackCOMRAM 00000D
efgtoa@c                 cstackBANK0  000066
efgtoa@d                 cstackBANK0  000084
efgtoa@e                 cstackBANK0  00009C
efgtoa@f                 cstackBANK0  000062
efgtoa@fp                cstackBANK0  000060
efgtoa@g                 cstackBANK0  000098
efgtoa@h                 cstackBANK0  00008E
efgtoa@i                 cstackBANK0  000096
efgtoa@l                 cstackBANK0  000092
efgtoa@m                 cstackBANK0  00007E
efgtoa@mode              cstackBANK0  00008D
efgtoa@n                 cstackBANK0  00009E
efgtoa@ne                cstackBANK0  00007C
efgtoa@nmode             cstackBANK0  00008C
efgtoa@ou                cstackBANK0  000080
efgtoa@p                 cstackBANK0  000088
efgtoa@pp                cstackBANK0  00007A
efgtoa@sign              cstackBANK0  000086
efgtoa@t                 cstackBANK0  000078
efgtoa@u                 cstackBANK0  0000A0
efgtoa@w                 cstackBANK0  00008A
end_of_initialization    cinit        003A76
floorf@F527              bssBANK0     0000D4
floorf@e                 cstackCOMRAM 000034
floorf@m                 cstackCOMRAM 000030
floorf@u                 cstackCOMRAM 000036
floorf@x                 cstackCOMRAM 000026
fputc@c                  cstackCOMRAM 00000D
fputc@fp                 cstackCOMRAM 00000F
fputs@c                  cstackCOMRAM 00001A
fputs@fp                 cstackCOMRAM 000018
fputs@i                  cstackCOMRAM 00001B
fputs@s                  cstackCOMRAM 000016
i2___flge                text37       002F72
i2___flge@ff1            cstackCOMRAM 000001
i2___flge@ff2            cstackCOMRAM 000005
imprime_lcd@frase        cstackCOMRAM 000011
imprime_lcd@indice       cstackCOMRAM 000018
imprime_lcd@tamanho      cstackCOMRAM 000016
int$flags                temp         000052
int_func                 intcode_body 0035F4
intlevel0                text         000000
intlevel1                text         000000
intlevel2                text         000000
intlevel3                text         000000
isa$std                  (abs)        000001
isa$xinst                (abs)        000000
isdigit@c                cstackCOMRAM 00000D
isspace@c                cstackCOMRAM 00000D
isupper@c                cstackCOMRAM 00000D
pad@buf                  cstackCOMRAM 00001F
pad@fp                   cstackCOMRAM 00001D
pad@i                    cstackCOMRAM 000024
pad@p                    cstackCOMRAM 000021
pad@w                    cstackCOMRAM 000026
sprintf@ap               cstackBANK0  0000CA
sprintf@f                cstackBANK0  0000CC
sprintf@fmt              cstackBANK0  0000C4
sprintf@s                cstackBANK0  0000C2
stackhi                  (abs)        0007FF
stacklo                  (abs)        000150
start                    init         00000E
start_initialization     cinit        003A52
strcpy@d                 cstackCOMRAM 000015
strcpy@dest              cstackCOMRAM 00000D
strcpy@s                 cstackCOMRAM 000013
strcpy@src               cstackCOMRAM 00000F
strlen@a                 cstackCOMRAM 00000F
strlen@s                 cstackCOMRAM 00000D
strncmp@_l               cstackCOMRAM 00000D
strncmp@_r               cstackCOMRAM 00000F
strncmp@l                cstackCOMRAM 000014
strncmp@n                cstackCOMRAM 000011
strncmp@r                cstackCOMRAM 000016
tolower@c                cstackCOMRAM 000013
ttemp5                   temp         000053
ttemp6                   temp         000056
ttemp7                   temp         00005A
vfpfcnvrt@ap             cstackBANK0  0000A8
vfpfcnvrt@c              cstackBANK0  0000BB
vfpfcnvrt@ct             cstackBANK0  0000B8
vfpfcnvrt@f              cstackBANK0  0000B4
vfpfcnvrt@fmt            cstackBANK0  0000A6
vfpfcnvrt@fp             cstackBANK0  0000A4
vfprintf@ap              cstackBANK0  0000C0
vfprintf@cfmt            cstackCOMRAM 000046
vfprintf@fmt             cstackBANK0  0000BE
vfprintf@fp              cstackBANK0  0000BC
wtemp8                   temp         000053


MODULE INFORMATION

Module		Function		Class		Link	Load	Size
C:\Program Files\Microchip\xc8\v2.32\pic\sources\c99\common\nf_sprintf.c
		_sprintf       		CODE           	382E	0000	82

C:\Program Files\Microchip\xc8\v2.32\pic\sources\c99\common\nf_sprintf.c estimated size: 82

C:\Program Files\Microchip\xc8\v2.32\pic\sources\c99\common\awdiv.c
		___awdiv       		CODE           	3314	0000	196

C:\Program Files\Microchip\xc8\v2.32\pic\sources\c99\common\awdiv.c estimated size: 196

C:\Program Files\Microchip\xc8\v2.32\pic\sources\c99\common\isdigit.c
		_isdigit       		CODE           	3A1A	0000	56

C:\Program Files\Microchip\xc8\v2.32\pic\sources\c99\common\isdigit.c estimated size: 56

C:\Program Files\Microchip\xc8\v2.32\pic\sources\c99\common\sprcadd.c
		___flsub       		CODE           	3920	0000	70
		___fladd       		CODE           	19FA	0000	1216

C:\Program Files\Microchip\xc8\v2.32\pic\sources\c99\common\sprcadd.c estimated size: 1286

C:\Program Files\Microchip\xc8\v2.32\pic\sources\c99\common\doprnt.c
		_vfpfcnvrt     		CODE           	1490	0000	1386
		_efgtoa        		CODE           	0836	0000	3162
		_pad           		CODE           	33D8	0000	194
		_vfprintf      		CODE           	3710	0000	98

C:\Program Files\Microchip\xc8\v2.32\pic\sources\c99\common\doprnt.c estimated size: 4840

C:\Program Files\Microchip\xc8\v2.32\pic\sources\c99\common\flneg.c
		___flneg       		CODE           	39E2	0000	56

C:\Program Files\Microchip\xc8\v2.32\pic\sources\c99\common\flneg.c estimated size: 56

./lcd.intermed.h
		_imprime_lcd   		CODE           	3694	0000	124
		_comando_lcd   		CODE           	3AD4	0000	26
		_limpa_lcd     		CODE           	3B08	0000	14
		_dado_lcd      		CODE           	3AEE	0000	26

./lcd.intermed.h estimated size: 190

C:\Program Files\Microchip\xc8\v2.32\pic\sources\c99\common\atoi.c
		_atoi          		CODE           	2BD8	0000	400

C:\Program Files\Microchip\xc8\v2.32\pic\sources\c99\common\atoi.c estimated size: 400

C:\Program Files\Microchip\xc8\v2.32\pic\sources\c99\common\nf_fputs.c
		_fputs         		CODE           	3966	0000	68

C:\Program Files\Microchip\xc8\v2.32\pic\sources\c99\common\nf_fputs.c estimated size: 68

C:\Program Files\Microchip\xc8\v2.32\pic\sources\c99\common\fleq.c
		___fleq        		CODE           	354A	0000	170

C:\Program Files\Microchip\xc8\v2.32\pic\sources\c99\common\fleq.c estimated size: 170

C:\Program Files\Microchip\xc8\v2.32\pic\sources\c99\common\putch.c
		_putch         		CODE           	3B16	0000	2

C:\Program Files\Microchip\xc8\v2.32\pic\sources\c99\common\putch.c estimated size: 2

C:\Program Files\Microchip\xc8\v2.32\pic\sources\c99\common\__fpclassifyf.c
		___fpclassifyf 		CODE           	3076	0000	254

C:\Program Files\Microchip\xc8\v2.32\pic\sources\c99\common\__fpclassifyf.c estimated size: 254

C:\Program Files\Microchip\xc8\v2.32\pic\sources\c99\common\isupper.c
		_isupper       		CODE           	39AA	0000	56

C:\Program Files\Microchip\xc8\v2.32\pic\sources\c99\common\isupper.c estimated size: 56

C:\Program Files\Microchip\xc8\v2.32\pic\sources\c99\common\Umul16.c
		___wmul        		CODE           	3AAE	0000	38

C:\Program Files\Microchip\xc8\v2.32\pic\sources\c99\common\Umul16.c estimated size: 38

C:\Program Files\Microchip\xc8\v2.32\pic\sources\c99\common\isspace.c
		_isspace       		CODE           	3880	0000	82

C:\Program Files\Microchip\xc8\v2.32\pic\sources\c99\common\isspace.c estimated size: 82

ADC_LM35_lcd.c
		_main          		CODE           	2A44	0000	404
		_isr           		CODE           	0008	0000	166
		_setupADC      		CODE           	3A84	0000	42

ADC_LM35_lcd.c estimated size: 612

C:\Program Files\Microchip\xc8\v2.32\pic\sources\c99\common\strncmp.c
		_strncmp       		CODE           	3174	0000	214

C:\Program Files\Microchip\xc8\v2.32\pic\sources\c99\common\strncmp.c estimated size: 214

C:\Program Files\Microchip\xc8\v2.32\pic\sources\c99\common\tolower.c
		_tolower       		CODE           	3772	0000	96

C:\Program Files\Microchip\xc8\v2.32\pic\sources\c99\common\tolower.c estimated size: 96

shared
		__initialization		CODE           	3A52	0000	36
		i2___flge      		CODE           	2F72	0000	260

shared estimated size: 296

C:\Program Files\Microchip\xc8\v2.32\pic\sources\c99\common\sprcmul.c
		___flmul       		CODE           	1EBA	0000	1066

C:\Program Files\Microchip\xc8\v2.32\pic\sources\c99\common\sprcmul.c estimated size: 1066

C:\Program Files\Microchip\xc8\v2.32\pic\sources\c99\common\awmod.c
		___awmod       		CODE           	349A	0000	176

C:\Program Files\Microchip\xc8\v2.32\pic\sources\c99\common\awmod.c estimated size: 176

C:\Program Files\Microchip\xc8\v2.32\pic\sources\c99\common\sprcdiv.c
		___fldiv       		CODE           	22E4	0000	922

C:\Program Files\Microchip\xc8\v2.32\pic\sources\c99\common\sprcdiv.c estimated size: 922

C:\Program Files\Microchip\xc8\v2.32\pic\sources\c99\common\fltol.c
		___fltol       		CODE           	2D68	0000	262

C:\Program Files\Microchip\xc8\v2.32\pic\sources\c99\common\fltol.c estimated size: 262

C:\Program Files\Microchip\xc8\v2.32\pic\sources\c99\common\xxtofl.c
		___xxtofl      		CODE           	2890	0000	436

C:\Program Files\Microchip\xc8\v2.32\pic\sources\c99\common\xxtofl.c estimated size: 436

C:\Program Files\Microchip\xc8\v2.32\pic\sources\c99\common\nf_fputc.c
		_fputc         		CODE           	324A	0000	202

C:\Program Files\Microchip\xc8\v2.32\pic\sources\c99\common\nf_fputc.c estimated size: 202

C:\Program Files\Microchip\xc8\v2.32\pic\sources\c99\common\strlen.c
		_strlen        		CODE           	38D2	0000	78

C:\Program Files\Microchip\xc8\v2.32\pic\sources\c99\common\strlen.c estimated size: 78

C:\Program Files\Microchip\xc8\v2.32\pic\sources\c99\common\flge.c
		___flge        		CODE           	2E6E	0000	260

C:\Program Files\Microchip\xc8\v2.32\pic\sources\c99\common\flge.c estimated size: 260

C:\Program Files\Microchip\xc8\v2.32\pic\sources\c99\common\floorf.c
		_floorf        		CODE           	267E	0000	530

C:\Program Files\Microchip\xc8\v2.32\pic\sources\c99\common\floorf.c estimated size: 530

C:\Program Files\Microchip\xc8\v2.32\pic\sources\c99\common\strcpy.c
		_strcpy        		CODE           	37D2	0000	92

C:\Program Files\Microchip\xc8\v2.32\pic\sources\c99\common\strcpy.c estimated size: 92

